 
****************************************
Report : constraint
        -all_violators
Design : ORCA_TOP
Version: P-2019.03-SP1-1
Date   : Tue May 19 16:38:49 2020
****************************************


   min_delay/hold ('v_PCI_CLK' group)

                             Required        Actual
   Endpoint                 Path Delay     Path Delay        Slack
   -----------------------------------------------------------------
   pad_out[25]                  1.50           1.47 f        -0.03  (VIOLATED)
   pad_out[2]                   1.50           1.47 f        -0.03  (VIOLATED)
   pad_out[24]                  1.50           1.47 f        -0.03  (VIOLATED)
   pad_out[12]                  1.50           1.48 f        -0.02  (VIOLATED)
   pad_out[16]                  1.50           1.48 f        -0.02  (VIOLATED)
   pad_out[6]                   1.50           1.48 f        -0.02  (VIOLATED)
   pad_out[4]                   1.50           1.48 f        -0.02  (VIOLATED)
   pad_out[14]                  1.50           1.48 f        -0.02  (VIOLATED)
   pad_out[1]                   1.50           1.48 f        -0.02  (VIOLATED)
   pad_out[29]                  1.50           1.48 f        -0.02  (VIOLATED)
   pad_out[20]                  1.50           1.48 f        -0.02  (VIOLATED)
   pad_out[5]                   1.50           1.49 f        -0.01  (VIOLATED)
   pad_out[18]                  1.50           1.49 f        -0.01  (VIOLATED)
   pad_out[11]                  1.50           1.49 f        -0.01  (VIOLATED)
   pad_out[26]                  1.50           1.49 f        -0.01  (VIOLATED)
   pad_out[21]                  1.50           1.49 f        -0.01  (VIOLATED)


   max_transition

                             Required        Actual
   Net                      Transition     Transition        Slack
   -----------------------------------------------------------------
   pack_n                       0.26           0.38          -0.12  (VIOLATED)
       PIN :   I_PCI_TOP/U1417/Y
                                0.26           0.38          -0.12  (VIOLATED)
   I_BLENDER_1/n2769            0.14           0.24          -0.10  (VIOLATED)
       PIN :   I_BLENDER_1/R_671/Q
                                0.14           0.24          -0.10  (VIOLATED)
   I_BLENDER_0/n8691            0.15           0.25          -0.09  (VIOLATED)
       PIN :   I_BLENDER_0/s3_op1_reg_16_/QN
                                0.15           0.25          -0.09  (VIOLATED)
   I_BLENDER_1/s3_op2[24]       0.17           0.25          -0.09  (VIOLATED)
       PIN :   I_BLENDER_1/s3_op2_reg_24_/Q
                                0.17           0.25          -0.09  (VIOLATED)
   I_BLENDER_0/n4692            0.14           0.22          -0.08  (VIOLATED)
       PIN :   I_BLENDER_0/R_123/Q
                                0.14           0.22          -0.08  (VIOLATED)
   I_BLENDER_1/s2_op2[5]        0.14           0.20          -0.07  (VIOLATED)
       PIN :   I_BLENDER_1/R_50/Q
                                0.14           0.20          -0.07  (VIOLATED)
   I_BLENDER_1/n2403            0.14           0.20          -0.06  (VIOLATED)
       PIN :   I_BLENDER_1/R_543/Q
                                0.14           0.20          -0.06  (VIOLATED)
   I_BLENDER_0/n3119            0.14           0.19          -0.06  (VIOLATED)
       PIN :   I_BLENDER_0/R_107/Q
                                0.14           0.19          -0.06  (VIOLATED)
   I_PARSER/n741                0.50           0.55          -0.05  (VIOLATED)
       PIN :   I_PARSER/U858/A1
                                0.50           0.55          -0.05  (VIOLATED)
       PIN :   I_PARSER/U837/Y
                                0.50           0.55          -0.05  (VIOLATED)
   net_sd_wfifo_data_49         0.50           0.55          -0.05  (VIOLATED)
       PIN :   I_SDRAM_TOP/I_SDRAM_WRITE_FIFO_SD_FIFO_RAM_1/I1[17]
                                0.50           0.55          -0.05  (VIOLATED)
   I_BLENDER_0/n7329            0.47           0.51          -0.05  (VIOLATED)
       PIN :   I_BLENDER_0/U48/A
                                0.50           0.51          -0.01  (VIOLATED)
       PIN :   I_BLENDER_0/U6410/A
                                0.50           0.51          -0.01  (VIOLATED)
       PIN :   I_BLENDER_0/U8435/A1
                                0.50           0.51          -0.01  (VIOLATED)
       PIN :   I_BLENDER_0/U8499/A1
                                0.50           0.51          -0.01  (VIOLATED)
       PIN :   I_BLENDER_0/R_741/D
                                0.50           0.51          -0.01  (VIOLATED)
       PIN :   I_BLENDER_0/U6245/A6
                                0.50           0.51          -0.01  (VIOLATED)
       PIN :   I_BLENDER_0/U8521/A6
                                0.50           0.51          -0.01  (VIOLATED)
       PIN :   I_BLENDER_0/U6267/A2
                                0.50           0.51          -0.01  (VIOLATED)
       PIN :   I_BLENDER_0/U8534/A2
                                0.50           0.51          -0.01  (VIOLATED)
       PIN :   I_BLENDER_0/U8709/A1
                                0.50           0.51          -0.01  (VIOLATED)
       PIN :   I_BLENDER_0/U8516/A6
                                0.50           0.51          -0.01  (VIOLATED)
       PIN :   I_BLENDER_0/U6409/Y
                                0.47           0.51          -0.05  (VIOLATED)
   net_sd_wfifo_data[47]        0.50           0.55          -0.05  (VIOLATED)
       PIN :   I_SDRAM_TOP/I_SDRAM_WRITE_FIFO_SD_FIFO_RAM_1/I1[15]
                                0.50           0.55          -0.05  (VIOLATED)
   net_sd_wfifo_data[42]        0.50           0.55          -0.05  (VIOLATED)
       PIN :   I_SDRAM_TOP/I_SDRAM_WRITE_FIFO_SD_FIFO_RAM_1/I1[10]
                                0.50           0.55          -0.05  (VIOLATED)
   I_BLENDER_0/n4735            0.15           0.20          -0.05  (VIOLATED)
       PIN :   I_BLENDER_0/R_565/QN
                                0.15           0.20          -0.05  (VIOLATED)
   I_SDRAM_TOP/n441             0.50           0.54          -0.04  (VIOLATED)
       PIN :   I_SDRAM_TOP/I_SDRAM_WRITE_FIFO_SD_FIFO_RAM_0/A1[2]
                                0.50           0.54          -0.04  (VIOLATED)
       PIN :   I_SDRAM_TOP/I_SDRAM_WRITE_FIFO_SD_FIFO_RAM_1/A1[2]
                                0.50           0.54          -0.04  (VIOLATED)
   I_SDRAM_TOP/n439             0.50           0.54          -0.04  (VIOLATED)
       PIN :   I_SDRAM_TOP/I_SDRAM_WRITE_FIFO_SD_FIFO_RAM_1/A1[1]
                                0.50           0.54          -0.04  (VIOLATED)
       PIN :   I_SDRAM_TOP/I_SDRAM_WRITE_FIFO_SD_FIFO_RAM_0/A1[1]
                                0.50           0.54          -0.04  (VIOLATED)
   I_BLENDER_1/n2383            0.14           0.18          -0.04  (VIOLATED)
       PIN :   I_BLENDER_1/R_109/Q
                                0.14           0.18          -0.04  (VIOLATED)
   I_SDRAM_TOP/n454             0.50           0.54          -0.04  (VIOLATED)
       PIN :   I_SDRAM_TOP/I_SDRAM_WRITE_FIFO_SD_FIFO_RAM_0/A1[3]
                                0.50           0.54          -0.04  (VIOLATED)
       PIN :   I_SDRAM_TOP/I_SDRAM_WRITE_FIFO_SD_FIFO_RAM_1/A1[3]
                                0.50           0.54          -0.04  (VIOLATED)
   I_RISC_CORE/n[1330]          0.08           0.12          -0.04  (VIOLATED)
       PIN :   I_RISC_CORE/Instrn_30__UPF_LS/Y
                                0.08           0.12          -0.04  (VIOLATED)
   I_BLENDER_1/n1422            0.14           0.18          -0.04  (VIOLATED)
       PIN :   I_BLENDER_1/R_351/Q
                                0.14           0.18          -0.04  (VIOLATED)
   I_RISC_CORE/n[1339]          0.08           0.12          -0.04  (VIOLATED)
       PIN :   I_RISC_CORE/Instrn_21__UPF_LS/Y
                                0.08           0.12          -0.04  (VIOLATED)
   I_RISC_CORE/n1474            0.07           0.11          -0.04  (VIOLATED)
       PIN :   I_RISC_CORE/I_INSTRN_LAT_Crnt_Instrn_2_reg_19_/Q
                                0.07           0.11          -0.04  (VIOLATED)
   I_PCI_TOP/n8867              0.50           0.54          -0.04  (VIOLATED)
       PIN :   I_PCI_TOP/I_PCI_WRITE_FIFO_PCI_FIFO_RAM_1/A1[1]
                                0.50           0.54          -0.04  (VIOLATED)
       PIN :   I_PCI_TOP/I_PCI_WRITE_FIFO_PCI_FIFO_RAM_2/A1[1]
                                0.50           0.54          -0.04  (VIOLATED)
       PIN :   I_PCI_TOP/I_PCI_WRITE_FIFO_PCI_FIFO_RAM_3/A1[1]
                                0.50           0.54          -0.04  (VIOLATED)
       PIN :   I_PCI_TOP/I_PCI_WRITE_FIFO_PCI_FIFO_RAM_4/A1[1]
                                0.50           0.54          -0.04  (VIOLATED)
       PIN :   I_PCI_TOP/I_PCI_WRITE_FIFO_PCI_FIFO_RAM_5/A1[1]
                                0.50           0.54          -0.04  (VIOLATED)
       PIN :   I_PCI_TOP/I_PCI_WRITE_FIFO_PCI_FIFO_RAM_6/A1[1]
                                0.50           0.54          -0.04  (VIOLATED)
       PIN :   I_PCI_TOP/I_PCI_WRITE_FIFO_PCI_FIFO_RAM_7/A1[1]
                                0.50           0.54          -0.04  (VIOLATED)
       PIN :   I_PCI_TOP/I_PCI_WRITE_FIFO_PCI_FIFO_RAM_8/A1[1]
                                0.50           0.54          -0.04  (VIOLATED)
   I_PCI_TOP/n8897              0.50           0.54          -0.04  (VIOLATED)
       PIN :   I_PCI_TOP/I_PCI_WRITE_FIFO_PCI_FIFO_RAM_8/A1[0]
                                0.50           0.54          -0.04  (VIOLATED)
       PIN :   I_PCI_TOP/I_PCI_WRITE_FIFO_PCI_FIFO_RAM_7/A1[0]
                                0.50           0.54          -0.04  (VIOLATED)
       PIN :   I_PCI_TOP/I_PCI_WRITE_FIFO_PCI_FIFO_RAM_6/A1[0]
                                0.50           0.54          -0.04  (VIOLATED)
       PIN :   I_PCI_TOP/I_PCI_WRITE_FIFO_PCI_FIFO_RAM_5/A1[0]
                                0.50           0.54          -0.04  (VIOLATED)
       PIN :   I_PCI_TOP/I_PCI_WRITE_FIFO_PCI_FIFO_RAM_4/A1[0]
                                0.50           0.54          -0.04  (VIOLATED)
       PIN :   I_PCI_TOP/I_PCI_WRITE_FIFO_PCI_FIFO_RAM_3/A1[0]
                                0.50           0.54          -0.04  (VIOLATED)
       PIN :   I_PCI_TOP/I_PCI_WRITE_FIFO_PCI_FIFO_RAM_2/A1[0]
                                0.50           0.54          -0.04  (VIOLATED)
       PIN :   I_PCI_TOP/I_PCI_WRITE_FIFO_PCI_FIFO_RAM_1/A1[0]
                                0.50           0.54          -0.04  (VIOLATED)
   I_RISC_CORE/n1476            0.07           0.11          -0.03  (VIOLATED)
       PIN :   I_RISC_CORE/I_INSTRN_LAT_Crnt_Instrn_2_reg_17_/Q
                                0.07           0.11          -0.03  (VIOLATED)
   I_RISC_CORE/n1471            0.07           0.11          -0.03  (VIOLATED)
       PIN :   I_RISC_CORE/I_INSTRN_LAT_Crnt_Instrn_2_reg_22_/Q
                                0.07           0.11          -0.03  (VIOLATED)
   I_RISC_CORE/n[1336]          0.07           0.11          -0.03  (VIOLATED)
       PIN :   I_RISC_CORE/Instrn_24__UPF_LS/Y
                                0.07           0.11          -0.03  (VIOLATED)
   I_BLENDER_0/n2776            0.14           0.17          -0.03  (VIOLATED)
       PIN :   I_BLENDER_0/R_610/Q
                                0.14           0.17          -0.03  (VIOLATED)
   n498 (dont_touch)            0.07           0.11          -0.03  (VIOLATED)
       PIN :   I_RISC_CORE/I_INSTRN_LAT_Crnt_Instrn_2_reg_16_/Q
                                0.07           0.11          -0.03  (VIOLATED)
   I_SDRAM_TOP/I_SDRAM_IF/n1811
                                0.25           0.28          -0.03  (VIOLATED)
       PIN :   I_SDRAM_TOP/I_SDRAM_IF/mega_shift_1_reg_40__10_/Q
                                0.25           0.28          -0.03  (VIOLATED)
   n485 (dont_touch)            0.07           0.11          -0.03  (VIOLATED)
       PIN :   I_RISC_CORE/I_INSTRN_LAT_Crnt_Instrn_2_reg_29_/Q
                                0.07           0.11          -0.03  (VIOLATED)
   I_RISC_CORE/n1475            0.07           0.10          -0.03  (VIOLATED)
       PIN :   I_RISC_CORE/I_INSTRN_LAT_Crnt_Instrn_2_reg_18_/Q
                                0.07           0.10          -0.03  (VIOLATED)
   I_BLENDER_0/n7121            0.47           0.49          -0.03  (VIOLATED)
       PIN :   I_BLENDER_0/U6372/Y
                                0.47           0.49          -0.03  (VIOLATED)
   n506 (dont_touch)            0.07           0.10          -0.03  (VIOLATED)
       PIN :   I_RISC_CORE/I_INSTRN_LAT_Crnt_Instrn_2_reg_8_/Q
                                0.07           0.10          -0.03  (VIOLATED)
   I_SDRAM_TOP/I_SDRAM_IF/mega_shift_1_1
                                0.25           0.27          -0.03  (VIOLATED)
       PIN :   I_SDRAM_TOP/I_SDRAM_IF/mega_shift_1_reg_40__2_/Q
                                0.25           0.27          -0.03  (VIOLATED)
   I_BLENDER_1/n2060            0.14           0.16          -0.03  (VIOLATED)
       PIN :   I_BLENDER_1/R_66/Q
                                0.14           0.16          -0.03  (VIOLATED)
   I_PARSER/n37                 0.50           0.53          -0.03  (VIOLATED)
       PIN :   I_PARSER/U26/A
                                0.50           0.53          -0.03  (VIOLATED)
       PIN :   I_PARSER/U65/A1
                                0.50           0.53          -0.03  (VIOLATED)
       PIN :   I_PARSER/U25/Y
                                0.50           0.53          -0.03  (VIOLATED)
   I_PARSER/n794                0.50           0.53          -0.03  (VIOLATED)
       PIN :   I_PARSER/U887/A1
                                0.50           0.53          -0.03  (VIOLATED)
       PIN :   I_PARSER/U877/Y
                                0.50           0.53          -0.03  (VIOLATED)
   I_SDRAM_TOP/I_SDRAM_IF/n17376
                                0.25           0.27          -0.02  (VIOLATED)
       PIN :   I_SDRAM_TOP/I_SDRAM_IF/mega_shift_1_reg_40__22_/Q
                                0.25           0.27          -0.02  (VIOLATED)
   I_BLENDER_0/s3_op1_13        0.24           0.26          -0.02  (VIOLATED)
       PIN :   I_BLENDER_0/s3_op1_reg_13_/Q
                                0.24           0.26          -0.02  (VIOLATED)
   n504 (dont_touch)            0.07           0.10          -0.02  (VIOLATED)
       PIN :   I_RISC_CORE/I_INSTRN_LAT_Crnt_Instrn_2_reg_10_/Q
                                0.07           0.10          -0.02  (VIOLATED)
   I_SDRAM_TOP/n446             0.50           0.52          -0.02  (VIOLATED)
       PIN :   I_SDRAM_TOP/I_SDRAM_WRITE_FIFO_SD_FIFO_RAM_1/A1[0]
                                0.50           0.52          -0.02  (VIOLATED)
       PIN :   I_SDRAM_TOP/I_SDRAM_WRITE_FIFO_SD_FIFO_RAM_0/A1[0]
                                0.50           0.52          -0.02  (VIOLATED)
   I_BLENDER_0/n8647            0.17           0.19          -0.02  (VIOLATED)
       PIN :   I_BLENDER_0/s3_op2_reg_21_/Q
                                0.17           0.19          -0.02  (VIOLATED)
   I_PARSER/n995                0.42           0.44          -0.02  (VIOLATED)
       PIN :   I_PARSER/U665/Y
                                0.42           0.44          -0.02  (VIOLATED)
   n501 (dont_touch)            0.07           0.09          -0.02  (VIOLATED)
       PIN :   I_RISC_CORE/I_INSTRN_LAT_Crnt_Instrn_2_reg_13_/Q
                                0.07           0.09          -0.02  (VIOLATED)
   I_SDRAM_TOP/I_SDRAM_IF/mega_shift_1_5
                                0.25           0.26          -0.02  (VIOLATED)
       PIN :   I_SDRAM_TOP/I_SDRAM_IF/mega_shift_1_reg_40__6_/Q
                                0.25           0.26          -0.02  (VIOLATED)
   I_BLENDER_1/n4420            0.21           0.23          -0.02  (VIOLATED)
       PIN :   I_BLENDER_1/U4391/Y
                                0.21           0.23          -0.02  (VIOLATED)
   I_BLENDER_0/s3_op2_23        0.17           0.18          -0.02  (VIOLATED)
       PIN :   I_BLENDER_0/s3_op2_reg_23_/Q
                                0.17           0.18          -0.02  (VIOLATED)
   I_SDRAM_TOP/n437             0.50           0.52          -0.02  (VIOLATED)
       PIN :   I_SDRAM_TOP/I_SDRAM_WRITE_FIFO_SD_FIFO_RAM_1/A1[5]
                                0.50           0.52          -0.02  (VIOLATED)
       PIN :   I_SDRAM_TOP/I_SDRAM_WRITE_FIFO_SD_FIFO_RAM_0/A1[5]
                                0.50           0.52          -0.02  (VIOLATED)
   I_BLENDER_1/n8859            0.21           0.22          -0.02  (VIOLATED)
       PIN :   I_BLENDER_1/s3_op1_reg_21_/QN
                                0.21           0.22          -0.02  (VIOLATED)
   n500 (dont_touch)            0.07           0.09          -0.01  (VIOLATED)
       PIN :   I_RISC_CORE/I_INSTRN_LAT_Crnt_Instrn_2_reg_14_/Q
                                0.07           0.09          -0.01  (VIOLATED)
   I_PCI_TOP/mult_x_25_n823     0.21           0.22          -0.01  (VIOLATED)
       PIN :   I_PCI_TOP/I_PCI_CORE_mega_shift_reg_3__20_/QN
                                0.21           0.22          -0.01  (VIOLATED)
   I_PCI_TOP/mult_x_27_n810     0.21           0.22          -0.01  (VIOLATED)
       PIN :   I_PCI_TOP/I_PCI_CORE_mega_shift_reg_5__1_/QN
                                0.21           0.22          -0.01  (VIOLATED)
   I_PCI_TOP/n8829              0.50           0.51          -0.01  (VIOLATED)
       PIN :   I_PCI_TOP/I_PCI_WRITE_FIFO_PCI_FIFO_RAM_1/A1[2]
                                0.50           0.51          -0.01  (VIOLATED)
       PIN :   I_PCI_TOP/I_PCI_WRITE_FIFO_PCI_FIFO_RAM_2/A1[2]
                                0.50           0.51          -0.01  (VIOLATED)
       PIN :   I_PCI_TOP/I_PCI_WRITE_FIFO_PCI_FIFO_RAM_3/A1[2]
                                0.50           0.51          -0.01  (VIOLATED)
       PIN :   I_PCI_TOP/I_PCI_WRITE_FIFO_PCI_FIFO_RAM_4/A1[2]
                                0.50           0.51          -0.01  (VIOLATED)
       PIN :   I_PCI_TOP/I_PCI_WRITE_FIFO_PCI_FIFO_RAM_5/A1[2]
                                0.50           0.51          -0.01  (VIOLATED)
       PIN :   I_PCI_TOP/I_PCI_WRITE_FIFO_PCI_FIFO_RAM_6/A1[2]
                                0.50           0.51          -0.01  (VIOLATED)
       PIN :   I_PCI_TOP/I_PCI_WRITE_FIFO_PCI_FIFO_RAM_7/A1[2]
                                0.50           0.51          -0.01  (VIOLATED)
       PIN :   I_PCI_TOP/I_PCI_WRITE_FIFO_PCI_FIFO_RAM_8/A1[2]
                                0.50           0.51          -0.01  (VIOLATED)
   I_CONTEXT_MEM/n319           0.50           0.51          -0.01  (VIOLATED)
       PIN :   I_CONTEXT_MEM/I_CONTEXT_RAM_3_3/WEB1
                                0.50           0.51          -0.01  (VIOLATED)
       PIN :   I_CONTEXT_MEM/I_CONTEXT_RAM_3_2/WEB1
                                0.50           0.51          -0.01  (VIOLATED)
       PIN :   I_CONTEXT_MEM/I_CONTEXT_RAM_3_1/WEB1
                                0.50           0.51          -0.01  (VIOLATED)
       PIN :   I_CONTEXT_MEM/I_CONTEXT_RAM_2_4/WEB1
                                0.50           0.51          -0.01  (VIOLATED)
       PIN :   I_CONTEXT_MEM/I_CONTEXT_RAM_2_3/WEB1
                                0.50           0.51          -0.01  (VIOLATED)
       PIN :   I_CONTEXT_MEM/I_CONTEXT_RAM_2_2/WEB1
                                0.50           0.51          -0.01  (VIOLATED)
       PIN :   I_CONTEXT_MEM/I_CONTEXT_RAM_2_1/WEB1
                                0.50           0.51          -0.01  (VIOLATED)
       PIN :   I_CONTEXT_MEM/I_CONTEXT_RAM_1_3/WEB1
                                0.50           0.51          -0.01  (VIOLATED)
       PIN :   I_CONTEXT_MEM/I_CONTEXT_RAM_1_2/WEB1
                                0.50           0.51          -0.01  (VIOLATED)
       PIN :   I_CONTEXT_MEM/I_CONTEXT_RAM_1_1/WEB1
                                0.50           0.51          -0.01  (VIOLATED)
       PIN :   I_CONTEXT_MEM/I_CONTEXT_RAM_0_4/WEB1
                                0.50           0.51          -0.01  (VIOLATED)
       PIN :   I_CONTEXT_MEM/I_CONTEXT_RAM_0_3/WEB1
                                0.50           0.51          -0.01  (VIOLATED)
       PIN :   I_CONTEXT_MEM/I_CONTEXT_RAM_0_2/WEB1
                                0.50           0.51          -0.01  (VIOLATED)
       PIN :   I_CONTEXT_MEM/I_CONTEXT_RAM_0_1/WEB1
                                0.50           0.51          -0.01  (VIOLATED)
       PIN :   I_CONTEXT_MEM/I_CONTEXT_RAM_1_4/WEB1
                                0.50           0.51          -0.01  (VIOLATED)
   I_BLENDER_0/n8666            0.14           0.15          -0.01  (VIOLATED)
       PIN :   I_BLENDER_0/R_565/Q
                                0.14           0.15          -0.01  (VIOLATED)
   I_PARSER/n797                0.50           0.51          -0.01  (VIOLATED)
       PIN :   I_PARSER/U404/A1
                                0.50           0.51          -0.01  (VIOLATED)
       PIN :   I_PARSER/U889/A1
                                0.50           0.51          -0.01  (VIOLATED)
       PIN :   I_PARSER/U397/Y
                                0.50           0.51          -0.01  (VIOLATED)
   n499 (dont_touch)            0.07           0.08          -0.01  (VIOLATED)
       PIN :   I_RISC_CORE/I_INSTRN_LAT_Crnt_Instrn_2_reg_15_/Q
                                0.07           0.08          -0.01  (VIOLATED)
   I_SDRAM_TOP/I_SDRAM_IF/mega_shift_1_12
                                0.25           0.25          -0.01  (VIOLATED)
       PIN :   I_SDRAM_TOP/I_SDRAM_IF/mega_shift_1_reg_40__14_/Q
                                0.25           0.25          -0.01  (VIOLATED)
   I_SDRAM_TOP/I_SDRAM_IF/mega_shift_1_264
                                0.23           0.24          -0.01  (VIOLATED)
       PIN :   I_SDRAM_TOP/I_SDRAM_IF/mega_shift_1_reg_31__31_/Q
                                0.23           0.24          -0.01  (VIOLATED)
   I_SDRAM_TOP/I_SDRAM_IF/n17443
                                0.25           0.25          -0.01  (VIOLATED)
       PIN :   I_SDRAM_TOP/I_SDRAM_IF/mega_shift_1_reg_40__30_/Q
                                0.25           0.25          -0.01  (VIOLATED)
   I_BLENDER_1/n8908            0.15           0.16          -0.01  (VIOLATED)
       PIN :   I_BLENDER_1/R_50/QN
                                0.15           0.16          -0.01  (VIOLATED)
   I_BLENDER_1/s3_op1_16        0.14           0.14          -0.01  (VIOLATED)
       PIN :   I_BLENDER_1/s3_op1_reg_16_/Q
                                0.14           0.14          -0.01  (VIOLATED)
   I_SDRAM_TOP/I_SDRAM_IF/mega_shift_1_16
                                0.25           0.25          -0.01  (VIOLATED)
       PIN :   I_SDRAM_TOP/I_SDRAM_IF/mega_shift_1_reg_40__18_/Q
                                0.25           0.25          -0.01  (VIOLATED)
   I_BLENDER_1/n8882            0.21           0.21          -0.01  (VIOLATED)
       PIN :   I_BLENDER_1/s3_op1_reg_18_/QN
                                0.21           0.21          -0.01  (VIOLATED)
   I_SDRAM_TOP/I_SDRAM_IF/n17483
                                0.43           0.44          -0.01  (VIOLATED)
       PIN :   I_SDRAM_TOP/I_SDRAM_IF/mega_shift_1_reg_30__27_/Q
                                0.43           0.44          -0.01  (VIOLATED)
   I_RISC_CORE/n1289            0.10           0.10           0.00  (VIOLATED: increase significant digits)
   I_SDRAM_TOP/I_SDRAM_IF/mega_shift_1_404
                                0.43           0.43           0.00  (VIOLATED: increase significant digits)
   I_BLENDER_1/n8878            0.17           0.17           0.00  (VIOLATED: increase significant digits)
   I_RISC_CORE/n1291            0.10           0.10           0.00  (VIOLATED: increase significant digits)
   I_BLENDER_0/n5190            0.14           0.14           0.00  (VIOLATED: increase significant digits)
   I_BLENDER_0/add_x_25_n117
                                0.14           0.14           0.00  (VIOLATED: increase significant digits)
   I_BLENDER_1/n8854            0.15           0.16           0.00  (VIOLATED: increase significant digits)
   I_RISC_CORE/Oprnd_A[4]       0.13           0.13           0.00  (VIOLATED: increase significant digits)
   I_BLENDER_1/n2020            0.14           0.14           0.00  (VIOLATED: increase significant digits)
   I_BLENDER_1/n8881            0.21           0.21           0.00  (VIOLATED: increase significant digits)
   I_SDRAM_TOP/I_SDRAM_IF/n9982
                                0.50           0.50           0.00  (VIOLATED: increase significant digits)
   I_RISC_CORE/n[1340]          0.07           0.07           0.00  (VIOLATED: increase significant digits)
   I_BLENDER_1/s3_op2[28]       0.14           0.14           0.00  (VIOLATED: increase significant digits)
   I_BLENDER_0/n8648            0.15           0.15           0.00  (VIOLATED: increase significant digits)
   I_RISC_CORE/n[1329]          0.07           0.07           0.00  (VIOLATED: increase significant digits)
   I_BLENDER_1/n1144            0.17           0.17           0.00  (VIOLATED: increase significant digits)

   -----------------------------------------------------------------
   Total                      82                 -2.19  

   max_capacitance

                             Required        Actual
   Net                      Capacitance    Capacitance       Slack
   -----------------------------------------------------------------
   preq_n                      16.00         101.39         -85.39  (VIOLATED)
   pserr_n_out                 16.00         100.41         -84.41  (VIOLATED)
   pack_n                      32.00         100.49         -68.49  (VIOLATED)
   ppar_en                     32.00         100.18         -68.18  (VIOLATED)
   I_PCI_TOP/I_PCI_READ_FIFO_we_n
                               16.00          51.79         -35.79  (VIOLATED)
   I_PARSER/n972               32.00          51.22         -19.22  (VIOLATED)
   I_SDRAM_TOP/I_SDRAM_IF/n1811
                               16.00          29.14         -13.14  (VIOLATED)
   I_SDRAM_TOP/I_SDRAM_IF/mega_shift_1_1
                               16.00          28.71         -12.71  (VIOLATED)
   I_SDRAM_TOP/I_SDRAM_IF/n17376
                               16.00          28.41         -12.41  (VIOLATED)
   I_RISC_CORE/n1474           16.00          27.56         -11.56  (VIOLATED)
   I_SDRAM_TOP/I_SDRAM_IF/mega_shift_1_5
                               16.00          27.49         -11.49  (VIOLATED)
   I_RISC_CORE/n1476           16.00          26.95         -10.95  (VIOLATED)
   I_RISC_CORE/n1471           16.00          26.84         -10.84  (VIOLATED)
   I_SDRAM_TOP/I_SDRAM_IF/mega_shift_1_12
                               16.00          26.33         -10.33  (VIOLATED)
   I_SDRAM_TOP/I_SDRAM_IF/n17443
                               16.00          26.24         -10.24  (VIOLATED)
   I_SDRAM_TOP/I_SDRAM_IF/mega_shift_1_16
                               16.00          26.05         -10.05  (VIOLATED)
   n498 (dont_touch)           16.00          25.67          -9.67  (VIOLATED)
   I_RISC_CORE/n[1336]         16.00          25.40          -9.40  (VIOLATED)
   I_RISC_CORE/n1475           16.00          25.36          -9.36  (VIOLATED)
   I_BLENDER_0/s3_op1_13       16.00          25.05          -9.05  (VIOLATED)
   n485 (dont_touch)           16.00          24.99          -8.99  (VIOLATED)
   I_BLENDER_1/s3_op2[24]      16.00          24.64          -8.64  (VIOLATED)
   n506 (dont_touch)           16.00          24.49          -8.49  (VIOLATED)
   I_RISC_CORE/n[1330]          8.00          15.98          -7.98  (VIOLATED)
   I_RISC_CORE/n[1339]          8.00          15.44          -7.44  (VIOLATED)
   I_BLENDER_0/n8691            8.00          15.41          -7.41  (VIOLATED)
   n504 (dont_touch)           16.00          23.02          -7.02  (VIOLATED)
   I_BLENDER_1/n2769            8.00          14.19          -6.19  (VIOLATED)
   I_BLENDER_0/n1212           16.00          22.16          -6.16  (VIOLATED)
   n501 (dont_touch)           16.00          21.56          -5.56  (VIOLATED)
   I_PCI_TOP/I_PCI_CORE_N285
                                8.00          13.12          -5.12  (VIOLATED)
   I_BLENDER_0/n4692            8.00          13.03          -5.03  (VIOLATED)
   n500 (dont_touch)           16.00          20.86          -4.86  (VIOLATED)
   I_BLENDER_1/n4420            8.00          12.70          -4.70  (VIOLATED)
   I_BLENDER_0/n7329           32.00          36.31          -4.31  (VIOLATED)
   I_PCI_TOP/I_PCI_CORE_N383
                                8.00          12.23          -4.23  (VIOLATED)
   I_BLENDER_1/s2_op2[5]        8.00          12.21          -4.21  (VIOLATED)
   I_CONTEXT_MEM/context_data[40]
                               25.00          28.87          -3.87  (VIOLATED)
   I_PCI_TOP/I_PCI_CORE_N387
                                8.00          11.86          -3.86  (VIOLATED)
   I_PCI_TOP/I_PCI_CORE_N446
                                8.00          11.83          -3.83  (VIOLATED)
   I_SDRAM_TOP/I_SDRAM_IF/mega_shift_1_264
                                8.00          11.65          -3.65  (VIOLATED)
   I_RISC_CORE/n1291           16.00          19.56          -3.56  (VIOLATED)
   I_PCI_TOP/I_PCI_CORE_N386
                                8.00          11.55          -3.55  (VIOLATED)
   I_BLENDER_1/n2403            8.00          11.37          -3.37  (VIOLATED)
   I_BLENDER_0/n4735            8.00          11.30          -3.30  (VIOLATED)
   n499 (dont_touch)           16.00          19.18          -3.18  (VIOLATED)
   I_BLENDER_0/n7121           32.00          35.14          -3.14  (VIOLATED)
   I_BLENDER_0/n3119            8.00          11.12          -3.12  (VIOLATED)
   I_BLENDER_0/n5004           16.00          19.06          -3.06  (VIOLATED)
   I_RISC_CORE/n1289           16.00          19.06          -3.06  (VIOLATED)
   I_PARSER/n1029              16.00          19.02          -3.02  (VIOLATED)
   I_PCI_TOP/I_PCI_CORE_N448
                                8.00          10.92          -2.92  (VIOLATED)
   I_PCI_TOP/I_PCI_CORE_N408
                                8.00          10.88          -2.88  (VIOLATED)
   I_CONTEXT_MEM/context_data[47]
                               25.00          27.85          -2.85  (VIOLATED)
   I_CONTEXT_MEM/context_data[46]
                               25.00          27.70          -2.70  (VIOLATED)
   I_PCI_TOP/I_PCI_CORE_N283
                                8.00          10.65          -2.65  (VIOLATED)
   I_BLENDER_1/n1897           16.00          18.49          -2.49  (VIOLATED)
   I_CONTEXT_MEM/context_data[45]
                               25.00          27.17          -2.17  (VIOLATED)
   I_BLENDER_0/n5003           16.00          18.17          -2.17  (VIOLATED)
   I_PCI_TOP/I_PCI_CORE_N279
                                8.00          10.09          -2.09  (VIOLATED)
   I_BLENDER_0/n5026           16.00          18.09          -2.09  (VIOLATED)
   I_BLENDER_1/n1599           16.00          18.06          -2.06  (VIOLATED)
   I_BLENDER_1/n1928           16.00          18.04          -2.04  (VIOLATED)
   I_CONTEXT_MEM/context_data[42]
                               25.00          27.04          -2.04  (VIOLATED)
   I_BLENDER_1/n2383            8.00          10.03          -2.03  (VIOLATED)
   I_PCI_TOP/I_PCI_CORE_N280
                                8.00          10.01          -2.01  (VIOLATED)
   I_BLENDER_1/n5653           16.00          17.97          -1.97  (VIOLATED)
   I_PCI_TOP/I_PCI_CORE_N413
                                8.00           9.90          -1.90  (VIOLATED)
   I_PCI_TOP/I_PCI_CORE_N450
                                8.00           9.85          -1.85  (VIOLATED)
   I_PCI_TOP/I_PCI_CORE_N412
                                8.00           9.82          -1.82  (VIOLATED)
   I_BLENDER_1/n1422            8.00           9.76          -1.76  (VIOLATED)
   I_BLENDER_0/n5006           16.00          17.76          -1.76  (VIOLATED)
   I_BLENDER_1/n7220           16.00          17.71          -1.71  (VIOLATED)
   I_BLENDER_1/n8565            8.00           9.64          -1.64  (VIOLATED)
   I_BLENDER_0/n8075            8.00           9.59          -1.59  (VIOLATED)
   I_SDRAM_TOP/I_SDRAM_IF/mega_shift_1_254
                                8.00           9.55          -1.55  (VIOLATED)
   I_CONTEXT_MEM/n177          16.00          17.49          -1.49  (VIOLATED)
   I_BLENDER_1/n3813           16.00          17.48          -1.48  (VIOLATED)
   I_BLENDER_1/n3289           16.00          17.43          -1.43  (VIOLATED)
   I_PCI_TOP/I_PCI_CORE_N414
                                8.00           9.29          -1.29  (VIOLATED)
   I_BLENDER_0/n2776            8.00           9.28          -1.28  (VIOLATED)
   I_PCI_TOP/n1775              8.00           9.26          -1.26  (VIOLATED)
   I_BLENDER_1/n8859           16.00          17.25          -1.25  (VIOLATED)
   I_BLENDER_0/n8647           16.00          17.23          -1.23  (VIOLATED)
   I_PCI_TOP/I_PCI_CORE_N389
                                8.00           9.19          -1.19  (VIOLATED)
   I_BLENDER_1/n3841           16.00          17.18          -1.18  (VIOLATED)
   I_BLENDER_1/n9044           16.00          17.12          -1.12  (VIOLATED)
   I_BLENDER_1/n5066           16.00          17.02          -1.02  (VIOLATED)
   I_PCI_TOP/I_PCI_CORE_N380
                                8.00           9.01          -1.01  (VIOLATED)
   I_BLENDER_0/n5745            8.00           9.01          -1.01  (VIOLATED)
   I_BLENDER_1/n2060            8.00           8.97          -0.97  (VIOLATED)
   I_PCI_TOP/I_PCI_CORE_N390
                                8.00           8.97          -0.97  (VIOLATED)
   I_PCI_TOP/n7955              8.00           8.94          -0.94  (VIOLATED)
   I_PCI_TOP/mult_x_25_n823    16.00          16.93          -0.93  (VIOLATED)
   I_BLENDER_1/n3337           16.00          16.80          -0.80  (VIOLATED)
   I_PCI_TOP/I_PCI_CORE_N320
                                8.00           8.66          -0.66  (VIOLATED)
   I_PARSER/n1014              16.00          16.66          -0.66  (VIOLATED)
   I_PCI_TOP/I_PCI_CORE_N453
                                8.00           8.63          -0.63  (VIOLATED)
   I_BLENDER_1/n3834           16.00          16.53          -0.53  (VIOLATED)
   I_PCI_TOP/n7952              8.00           8.50          -0.50  (VIOLATED)
   I_BLENDER_1/n6413            8.00           8.48          -0.48  (VIOLATED)
   I_BLENDER_0/n8666            8.00           8.48          -0.48  (VIOLATED)
   I_PCI_TOP/I_PCI_CORE_N455
                                8.00           8.43          -0.43  (VIOLATED)
   I_PCI_TOP/I_PCI_CORE_N391
                                8.00           8.39          -0.39  (VIOLATED)
   I_BLENDER_1/s3_op1_16        8.00           8.36          -0.36  (VIOLATED)
   I_PCI_TOP/I_PCI_CORE_N318
                                8.00           8.36          -0.36  (VIOLATED)
   I_PCI_TOP/I_PCI_CORE_N287
                                8.00           8.31          -0.31  (VIOLATED)
   I_BLENDER_1/n2170           16.00          16.31          -0.31  (VIOLATED)
   I_BLENDER_0/n6154           32.00          32.29          -0.29  (VIOLATED)
   I_PCI_TOP/I_PCI_CORE_N315
                                8.00           8.27          -0.27  (VIOLATED)
   I_BLENDER_1/s3_op1_8         8.00           8.25          -0.25  (VIOLATED)
   I_PCI_TOP/mult_x_27_n810    16.00          16.18          -0.18  (VIOLATED)
   I_BLENDER_1/n8882           16.00          16.18          -0.18  (VIOLATED)
   I_RISC_CORE/n[1340]         16.00          16.17          -0.17  (VIOLATED)
   I_BLENDER_1/n8483            8.00           8.15          -0.15  (VIOLATED)
   I_PCI_TOP/n7297              8.00           8.15          -0.15  (VIOLATED)
   I_PARSER/n1013               8.00           8.12          -0.12  (VIOLATED)
   I_PCI_TOP/n2705              8.00           8.11          -0.11  (VIOLATED)
   I_RISC_CORE/n[1329]         16.00          16.07          -0.07  (VIOLATED)
   net_sd_wfifo_data_58        16.00          16.02          -0.02  (VIOLATED)
   I_SDRAM_TOP/I_SDRAM_IF/mega_shift_1_7
                               16.00          16.01          -0.01  (VIOLATED)

   -----------------------------------------------------------------
   Total                      121              -749.25  

1
