 
****************************************
Report : constraint
        -all_violators
Design : ORCA_TOP
Version: P-2019.03-SP1-1
Date   : Tue May 19 16:00:39 2020
****************************************


   min_delay/hold ('SDRAM_CLK' group)

                             Required        Actual
   Endpoint                 Path Delay     Path Delay        Slack
   -----------------------------------------------------------------
   I_SDRAM_TOP/I_SDRAM_IF/mega_shift_0_reg_40__0_/D
                                0.13           0.12 r         0.00  (VIOLATED: increase significant digits)
   I_SDRAM_TOP/I_SDRAM_IF/mega_shift_0_reg_40__2_/D
                                0.13           0.12 r         0.00  (VIOLATED: increase significant digits)
   I_SDRAM_TOP/I_SDRAM_IF/mega_shift_0_reg_40__3_/D
                                0.13           0.12 r         0.00  (VIOLATED: increase significant digits)
   I_SDRAM_TOP/I_SDRAM_IF/mega_shift_0_reg_40__5_/D
                                0.13           0.12 r         0.00  (VIOLATED: increase significant digits)
   I_SDRAM_TOP/I_SDRAM_IF/mega_shift_0_reg_40__8_/D
                                0.13           0.12 r         0.00  (VIOLATED: increase significant digits)
   I_SDRAM_TOP/I_SDRAM_IF/mega_shift_0_reg_40__11_/D
                                0.13           0.12 r         0.00  (VIOLATED: increase significant digits)
   I_SDRAM_TOP/I_SDRAM_IF/mega_shift_0_reg_40__16_/D
                                0.13           0.12 r         0.00  (VIOLATED: increase significant digits)


   min_delay/hold ('SYS_2x_CLK' group)

                             Required        Actual
   Endpoint                 Path Delay     Path Delay        Slack
   -----------------------------------------------------------------
   I_RISC_CORE/I_REG_FILE_REG_FILE_A_RAM/A1[1]
                                0.20           0.15 f        -0.05  (VIOLATED)
   I_RISC_CORE/I_REG_FILE_REG_FILE_B_RAM/A1[1]
                                0.20           0.15 f        -0.05  (VIOLATED)
   I_RISC_CORE/I_REG_FILE_REG_FILE_C_RAM/A1[1]
                                0.20           0.15 f        -0.05  (VIOLATED)
   I_RISC_CORE/I_REG_FILE_REG_FILE_D_RAM/A1[1]
                                0.20           0.15 f        -0.05  (VIOLATED)
   I_RISC_CORE/I_REG_FILE_REG_FILE_A_RAM/A1[2]
                                0.20           0.15 f        -0.05  (VIOLATED)
   I_RISC_CORE/I_REG_FILE_REG_FILE_B_RAM/A1[2]
                                0.20           0.15 f        -0.05  (VIOLATED)
   I_RISC_CORE/I_REG_FILE_REG_FILE_C_RAM/A1[2]
                                0.20           0.15 f        -0.05  (VIOLATED)
   I_RISC_CORE/I_REG_FILE_REG_FILE_D_RAM/A1[2]
                                0.20           0.15 f        -0.05  (VIOLATED)
   I_RISC_CORE/I_REG_FILE_REG_FILE_A_RAM/A1[3]
                                0.20           0.15 f        -0.05  (VIOLATED)
   I_RISC_CORE/I_REG_FILE_REG_FILE_B_RAM/A1[3]
                                0.20           0.15 f        -0.05  (VIOLATED)
   I_RISC_CORE/I_REG_FILE_REG_FILE_C_RAM/A1[3]
                                0.20           0.15 f        -0.05  (VIOLATED)
   I_RISC_CORE/I_REG_FILE_REG_FILE_D_RAM/A1[3]
                                0.20           0.15 f        -0.05  (VIOLATED)
   I_RISC_CORE/I_REG_FILE_REG_FILE_A_RAM/A1[5]
                                0.20           0.15 f        -0.05  (VIOLATED)
   I_RISC_CORE/I_REG_FILE_REG_FILE_B_RAM/A1[5]
                                0.20           0.15 f        -0.05  (VIOLATED)
   I_RISC_CORE/I_REG_FILE_REG_FILE_C_RAM/A1[5]
                                0.20           0.15 f        -0.05  (VIOLATED)
   I_RISC_CORE/I_REG_FILE_REG_FILE_D_RAM/A1[5]
                                0.20           0.15 f        -0.05  (VIOLATED)
   I_RISC_CORE/I_REG_FILE_REG_FILE_A_RAM/A1[4]
                                0.20           0.15 f        -0.05  (VIOLATED)
   I_RISC_CORE/I_REG_FILE_REG_FILE_B_RAM/A1[4]
                                0.20           0.15 f        -0.05  (VIOLATED)
   I_RISC_CORE/I_REG_FILE_REG_FILE_C_RAM/A1[4]
                                0.20           0.15 f        -0.05  (VIOLATED)
   I_RISC_CORE/I_REG_FILE_REG_FILE_D_RAM/A1[4]
                                0.20           0.15 f        -0.05  (VIOLATED)
   I_RISC_CORE/I_REG_FILE_REG_FILE_A_RAM/A1[6]
                                0.20           0.15 f        -0.05  (VIOLATED)
   I_RISC_CORE/I_REG_FILE_REG_FILE_B_RAM/A1[6]
                                0.20           0.15 f        -0.05  (VIOLATED)
   I_RISC_CORE/I_REG_FILE_REG_FILE_C_RAM/A1[6]
                                0.20           0.15 f        -0.05  (VIOLATED)
   I_RISC_CORE/I_REG_FILE_REG_FILE_D_RAM/A1[6]
                                0.20           0.15 f        -0.05  (VIOLATED)
   I_RISC_CORE/I_REG_FILE_REG_FILE_A_RAM/A1[0]
                                0.20           0.15 f        -0.05  (VIOLATED)
   I_RISC_CORE/I_REG_FILE_REG_FILE_B_RAM/A1[0]
                                0.20           0.15 f        -0.05  (VIOLATED)
   I_RISC_CORE/I_REG_FILE_REG_FILE_C_RAM/A1[0]
                                0.20           0.15 f        -0.05  (VIOLATED)
   I_RISC_CORE/I_REG_FILE_REG_FILE_D_RAM/A1[0]
                                0.20           0.15 f        -0.05  (VIOLATED)
   I_RISC_CORE/I_REG_FILE_REG_FILE_B_RAM/A2[3]
                                0.20           0.15 f        -0.05  (VIOLATED)
   I_RISC_CORE/I_REG_FILE_REG_FILE_D_RAM/A2[3]
                                0.20           0.15 f        -0.05  (VIOLATED)
   I_RISC_CORE/I_REG_FILE_REG_FILE_B_RAM/A2[1]
                                0.20           0.15 f        -0.05  (VIOLATED)
   I_RISC_CORE/I_REG_FILE_REG_FILE_B_RAM/A2[2]
                                0.20           0.15 f        -0.05  (VIOLATED)
   I_RISC_CORE/I_REG_FILE_REG_FILE_B_RAM/A2[6]
                                0.20           0.15 f        -0.05  (VIOLATED)
   I_RISC_CORE/I_REG_FILE_REG_FILE_D_RAM/A2[1]
                                0.20           0.15 f        -0.05  (VIOLATED)
   I_RISC_CORE/I_REG_FILE_REG_FILE_D_RAM/A2[2]
                                0.20           0.15 f        -0.05  (VIOLATED)
   I_RISC_CORE/I_REG_FILE_REG_FILE_D_RAM/A2[6]
                                0.20           0.15 f        -0.05  (VIOLATED)
   I_RISC_CORE/I_REG_FILE_REG_FILE_B_RAM/A2[0]
                                0.20           0.15 f        -0.05  (VIOLATED)
   I_RISC_CORE/I_REG_FILE_REG_FILE_D_RAM/A2[0]
                                0.20           0.15 f        -0.05  (VIOLATED)


   min_delay/hold ('SYS_CLK' group)

                             Required        Actual
   Endpoint                 Path Delay     Path Delay        Slack
   -----------------------------------------------------------------
   I_CONTEXT_MEM/I_CONTEXT_RAM_0_2/I1[0]
                                0.20           0.13 f        -0.07  (VIOLATED)
   I_CONTEXT_MEM/I_CONTEXT_RAM_0_2/I1[1]
                                0.20           0.13 f        -0.07  (VIOLATED)
   I_CONTEXT_MEM/I_CONTEXT_RAM_0_2/I1[2]
                                0.20           0.13 f        -0.07  (VIOLATED)
   I_CONTEXT_MEM/I_CONTEXT_RAM_0_2/I1[3]
                                0.20           0.13 f        -0.07  (VIOLATED)
   I_CONTEXT_MEM/I_CONTEXT_RAM_0_2/I1[5]
                                0.20           0.13 f        -0.07  (VIOLATED)
   I_CONTEXT_MEM/I_CONTEXT_RAM_0_2/I1[6]
                                0.20           0.13 f        -0.07  (VIOLATED)
   I_CONTEXT_MEM/I_CONTEXT_RAM_0_2/I1[7]
                                0.20           0.13 f        -0.07  (VIOLATED)
   I_CONTEXT_MEM/I_CONTEXT_RAM_0_3/I1[1]
                                0.20           0.13 f        -0.07  (VIOLATED)
   I_CONTEXT_MEM/I_CONTEXT_RAM_0_3/I1[2]
                                0.20           0.13 f        -0.07  (VIOLATED)
   I_CONTEXT_MEM/I_CONTEXT_RAM_0_3/I1[3]
                                0.20           0.13 f        -0.07  (VIOLATED)
   I_CONTEXT_MEM/I_CONTEXT_RAM_0_3/I1[5]
                                0.20           0.13 f        -0.07  (VIOLATED)
   I_CONTEXT_MEM/I_CONTEXT_RAM_0_3/I1[6]
                                0.20           0.13 f        -0.07  (VIOLATED)
   I_CONTEXT_MEM/I_CONTEXT_RAM_0_3/I1[7]
                                0.20           0.13 f        -0.07  (VIOLATED)
   I_CONTEXT_MEM/I_CONTEXT_RAM_0_4/I1[0]
                                0.20           0.13 f        -0.07  (VIOLATED)
   I_CONTEXT_MEM/I_CONTEXT_RAM_0_4/I1[1]
                                0.20           0.13 f        -0.07  (VIOLATED)
   I_CONTEXT_MEM/I_CONTEXT_RAM_0_4/I1[2]
                                0.20           0.13 f        -0.07  (VIOLATED)
   I_CONTEXT_MEM/I_CONTEXT_RAM_0_4/I1[3]
                                0.20           0.13 f        -0.07  (VIOLATED)
   I_CONTEXT_MEM/I_CONTEXT_RAM_0_4/I1[4]
                                0.20           0.13 f        -0.07  (VIOLATED)
   I_CONTEXT_MEM/I_CONTEXT_RAM_0_4/I1[5]
                                0.20           0.13 f        -0.07  (VIOLATED)
   I_CONTEXT_MEM/I_CONTEXT_RAM_0_4/I1[6]
                                0.20           0.13 f        -0.07  (VIOLATED)
   I_CONTEXT_MEM/I_CONTEXT_RAM_0_4/I1[7]
                                0.20           0.13 f        -0.07  (VIOLATED)
   I_CONTEXT_MEM/I_CONTEXT_RAM_1_2/I1[0]
                                0.20           0.13 f        -0.07  (VIOLATED)
   I_CONTEXT_MEM/I_CONTEXT_RAM_1_2/I1[1]
                                0.20           0.13 f        -0.07  (VIOLATED)
   I_CONTEXT_MEM/I_CONTEXT_RAM_1_2/I1[2]
                                0.20           0.13 f        -0.07  (VIOLATED)
   I_CONTEXT_MEM/I_CONTEXT_RAM_1_2/I1[3]
                                0.20           0.13 f        -0.07  (VIOLATED)
   I_CONTEXT_MEM/I_CONTEXT_RAM_1_2/I1[5]
                                0.20           0.13 f        -0.07  (VIOLATED)
   I_CONTEXT_MEM/I_CONTEXT_RAM_1_2/I1[6]
                                0.20           0.13 f        -0.07  (VIOLATED)
   I_CONTEXT_MEM/I_CONTEXT_RAM_1_2/I1[7]
                                0.20           0.13 f        -0.07  (VIOLATED)
   I_CONTEXT_MEM/I_CONTEXT_RAM_1_3/I1[1]
                                0.20           0.13 f        -0.07  (VIOLATED)
   I_CONTEXT_MEM/I_CONTEXT_RAM_1_3/I1[2]
                                0.20           0.13 f        -0.07  (VIOLATED)
   I_CONTEXT_MEM/I_CONTEXT_RAM_1_3/I1[3]
                                0.20           0.13 f        -0.07  (VIOLATED)
   I_CONTEXT_MEM/I_CONTEXT_RAM_1_3/I1[5]
                                0.20           0.13 f        -0.07  (VIOLATED)
   I_CONTEXT_MEM/I_CONTEXT_RAM_1_3/I1[6]
                                0.20           0.13 f        -0.07  (VIOLATED)
   I_CONTEXT_MEM/I_CONTEXT_RAM_1_3/I1[7]
                                0.20           0.13 f        -0.07  (VIOLATED)
   I_CONTEXT_MEM/I_CONTEXT_RAM_1_4/I1[0]
                                0.20           0.13 f        -0.07  (VIOLATED)
   I_CONTEXT_MEM/I_CONTEXT_RAM_1_4/I1[1]
                                0.20           0.13 f        -0.07  (VIOLATED)
   I_CONTEXT_MEM/I_CONTEXT_RAM_1_4/I1[2]
                                0.20           0.13 f        -0.07  (VIOLATED)
   I_CONTEXT_MEM/I_CONTEXT_RAM_1_4/I1[3]
                                0.20           0.13 f        -0.07  (VIOLATED)
   I_CONTEXT_MEM/I_CONTEXT_RAM_1_4/I1[4]
                                0.20           0.13 f        -0.07  (VIOLATED)
   I_CONTEXT_MEM/I_CONTEXT_RAM_1_4/I1[5]
                                0.20           0.13 f        -0.07  (VIOLATED)
   I_CONTEXT_MEM/I_CONTEXT_RAM_1_4/I1[6]
                                0.20           0.13 f        -0.07  (VIOLATED)
   I_CONTEXT_MEM/I_CONTEXT_RAM_1_4/I1[7]
                                0.20           0.13 f        -0.07  (VIOLATED)
   I_CONTEXT_MEM/I_CONTEXT_RAM_2_2/I1[0]
                                0.20           0.13 f        -0.07  (VIOLATED)
   I_CONTEXT_MEM/I_CONTEXT_RAM_2_2/I1[1]
                                0.20           0.13 f        -0.07  (VIOLATED)
   I_CONTEXT_MEM/I_CONTEXT_RAM_2_2/I1[2]
                                0.20           0.13 f        -0.07  (VIOLATED)
   I_CONTEXT_MEM/I_CONTEXT_RAM_2_2/I1[3]
                                0.20           0.13 f        -0.07  (VIOLATED)
   I_CONTEXT_MEM/I_CONTEXT_RAM_2_2/I1[5]
                                0.20           0.13 f        -0.07  (VIOLATED)
   I_CONTEXT_MEM/I_CONTEXT_RAM_2_2/I1[6]
                                0.20           0.13 f        -0.07  (VIOLATED)
   I_CONTEXT_MEM/I_CONTEXT_RAM_2_2/I1[7]
                                0.20           0.13 f        -0.07  (VIOLATED)
   I_CONTEXT_MEM/I_CONTEXT_RAM_2_3/I1[1]
                                0.20           0.13 f        -0.07  (VIOLATED)
   I_CONTEXT_MEM/I_CONTEXT_RAM_2_3/I1[2]
                                0.20           0.13 f        -0.07  (VIOLATED)
   I_CONTEXT_MEM/I_CONTEXT_RAM_2_3/I1[3]
                                0.20           0.13 f        -0.07  (VIOLATED)
   I_CONTEXT_MEM/I_CONTEXT_RAM_2_3/I1[5]
                                0.20           0.13 f        -0.07  (VIOLATED)
   I_CONTEXT_MEM/I_CONTEXT_RAM_2_3/I1[6]
                                0.20           0.13 f        -0.07  (VIOLATED)
   I_CONTEXT_MEM/I_CONTEXT_RAM_2_3/I1[7]
                                0.20           0.13 f        -0.07  (VIOLATED)
   I_CONTEXT_MEM/I_CONTEXT_RAM_2_4/I1[0]
                                0.20           0.13 f        -0.07  (VIOLATED)
   I_CONTEXT_MEM/I_CONTEXT_RAM_2_4/I1[1]
                                0.20           0.13 f        -0.07  (VIOLATED)
   I_CONTEXT_MEM/I_CONTEXT_RAM_2_4/I1[2]
                                0.20           0.13 f        -0.07  (VIOLATED)
   I_CONTEXT_MEM/I_CONTEXT_RAM_2_4/I1[3]
                                0.20           0.13 f        -0.07  (VIOLATED)
   I_CONTEXT_MEM/I_CONTEXT_RAM_2_4/I1[4]
                                0.20           0.13 f        -0.07  (VIOLATED)
   I_CONTEXT_MEM/I_CONTEXT_RAM_2_4/I1[5]
                                0.20           0.13 f        -0.07  (VIOLATED)
   I_CONTEXT_MEM/I_CONTEXT_RAM_2_4/I1[6]
                                0.20           0.13 f        -0.07  (VIOLATED)
   I_CONTEXT_MEM/I_CONTEXT_RAM_2_4/I1[7]
                                0.20           0.13 f        -0.07  (VIOLATED)
   I_CONTEXT_MEM/I_CONTEXT_RAM_3_2/I1[0]
                                0.20           0.13 f        -0.07  (VIOLATED)
   I_CONTEXT_MEM/I_CONTEXT_RAM_3_2/I1[1]
                                0.20           0.13 f        -0.07  (VIOLATED)
   I_CONTEXT_MEM/I_CONTEXT_RAM_3_2/I1[2]
                                0.20           0.13 f        -0.07  (VIOLATED)
   I_CONTEXT_MEM/I_CONTEXT_RAM_3_2/I1[3]
                                0.20           0.13 f        -0.07  (VIOLATED)
   I_CONTEXT_MEM/I_CONTEXT_RAM_3_2/I1[5]
                                0.20           0.13 f        -0.07  (VIOLATED)
   I_CONTEXT_MEM/I_CONTEXT_RAM_3_2/I1[6]
                                0.20           0.13 f        -0.07  (VIOLATED)
   I_CONTEXT_MEM/I_CONTEXT_RAM_3_2/I1[7]
                                0.20           0.13 f        -0.07  (VIOLATED)
   I_CONTEXT_MEM/I_CONTEXT_RAM_3_3/I1[1]
                                0.20           0.13 f        -0.07  (VIOLATED)
   I_CONTEXT_MEM/I_CONTEXT_RAM_3_3/I1[2]
                                0.20           0.13 f        -0.07  (VIOLATED)
   I_CONTEXT_MEM/I_CONTEXT_RAM_3_3/I1[3]
                                0.20           0.13 f        -0.07  (VIOLATED)
   I_CONTEXT_MEM/I_CONTEXT_RAM_3_3/I1[5]
                                0.20           0.13 f        -0.07  (VIOLATED)
   I_CONTEXT_MEM/I_CONTEXT_RAM_3_3/I1[6]
                                0.20           0.13 f        -0.07  (VIOLATED)
   I_CONTEXT_MEM/I_CONTEXT_RAM_3_3/I1[7]
                                0.20           0.13 f        -0.07  (VIOLATED)
   I_CONTEXT_MEM/I_CONTEXT_RAM_3_4/I1[0]
                                0.20           0.13 f        -0.07  (VIOLATED)
   I_CONTEXT_MEM/I_CONTEXT_RAM_3_4/I1[1]
                                0.20           0.13 f        -0.07  (VIOLATED)
   I_CONTEXT_MEM/I_CONTEXT_RAM_3_4/I1[2]
                                0.20           0.13 f        -0.07  (VIOLATED)
   I_CONTEXT_MEM/I_CONTEXT_RAM_3_4/I1[3]
                                0.20           0.13 f        -0.07  (VIOLATED)
   I_CONTEXT_MEM/I_CONTEXT_RAM_3_4/I1[4]
                                0.20           0.13 f        -0.07  (VIOLATED)
   I_CONTEXT_MEM/I_CONTEXT_RAM_3_4/I1[5]
                                0.20           0.13 f        -0.07  (VIOLATED)
   I_CONTEXT_MEM/I_CONTEXT_RAM_3_4/I1[6]
                                0.20           0.13 f        -0.07  (VIOLATED)
   I_CONTEXT_MEM/I_CONTEXT_RAM_3_4/I1[7]
                                0.20           0.13 f        -0.07  (VIOLATED)
   I_CONTEXT_MEM/I_CONTEXT_RAM_0_2/I1[4]
                                0.20           0.13 f        -0.07  (VIOLATED)
   I_CONTEXT_MEM/I_CONTEXT_RAM_0_3/I1[0]
                                0.20           0.13 f        -0.07  (VIOLATED)
   I_CONTEXT_MEM/I_CONTEXT_RAM_0_3/I1[4]
                                0.20           0.13 f        -0.07  (VIOLATED)
   I_CONTEXT_MEM/I_CONTEXT_RAM_1_2/I1[4]
                                0.20           0.13 f        -0.07  (VIOLATED)
   I_CONTEXT_MEM/I_CONTEXT_RAM_1_3/I1[0]
                                0.20           0.13 f        -0.07  (VIOLATED)
   I_CONTEXT_MEM/I_CONTEXT_RAM_1_3/I1[4]
                                0.20           0.13 f        -0.07  (VIOLATED)
   I_CONTEXT_MEM/I_CONTEXT_RAM_2_2/I1[4]
                                0.20           0.13 f        -0.07  (VIOLATED)
   I_CONTEXT_MEM/I_CONTEXT_RAM_2_3/I1[0]
                                0.20           0.13 f        -0.07  (VIOLATED)
   I_CONTEXT_MEM/I_CONTEXT_RAM_2_3/I1[4]
                                0.20           0.13 f        -0.07  (VIOLATED)
   I_CONTEXT_MEM/I_CONTEXT_RAM_3_2/I1[4]
                                0.20           0.13 f        -0.07  (VIOLATED)
   I_CONTEXT_MEM/I_CONTEXT_RAM_3_3/I1[0]
                                0.20           0.13 f        -0.07  (VIOLATED)
   I_CONTEXT_MEM/I_CONTEXT_RAM_3_3/I1[4]
                                0.20           0.13 f        -0.07  (VIOLATED)
   I_CONTEXT_MEM/I_CONTEXT_RAM_0_1/I1[0]
                                0.20           0.13 f        -0.07  (VIOLATED)
   I_CONTEXT_MEM/I_CONTEXT_RAM_0_1/I1[1]
                                0.20           0.13 f        -0.07  (VIOLATED)
   I_CONTEXT_MEM/I_CONTEXT_RAM_0_1/I1[2]
                                0.20           0.13 f        -0.07  (VIOLATED)
   I_CONTEXT_MEM/I_CONTEXT_RAM_0_1/I1[3]
                                0.20           0.13 f        -0.07  (VIOLATED)
   I_CONTEXT_MEM/I_CONTEXT_RAM_0_1/I1[4]
                                0.20           0.13 f        -0.07  (VIOLATED)
   I_CONTEXT_MEM/I_CONTEXT_RAM_0_1/I1[5]
                                0.20           0.13 f        -0.07  (VIOLATED)
   I_CONTEXT_MEM/I_CONTEXT_RAM_0_1/I1[6]
                                0.20           0.13 f        -0.07  (VIOLATED)
   I_CONTEXT_MEM/I_CONTEXT_RAM_0_1/I1[7]
                                0.20           0.13 f        -0.07  (VIOLATED)
   I_CONTEXT_MEM/I_CONTEXT_RAM_1_1/I1[0]
                                0.20           0.13 f        -0.07  (VIOLATED)
   I_CONTEXT_MEM/I_CONTEXT_RAM_1_1/I1[1]
                                0.20           0.13 f        -0.07  (VIOLATED)
   I_CONTEXT_MEM/I_CONTEXT_RAM_1_1/I1[2]
                                0.20           0.13 f        -0.07  (VIOLATED)
   I_CONTEXT_MEM/I_CONTEXT_RAM_1_1/I1[3]
                                0.20           0.13 f        -0.07  (VIOLATED)
   I_CONTEXT_MEM/I_CONTEXT_RAM_1_1/I1[4]
                                0.20           0.13 f        -0.07  (VIOLATED)
   I_CONTEXT_MEM/I_CONTEXT_RAM_1_1/I1[5]
                                0.20           0.13 f        -0.07  (VIOLATED)
   I_CONTEXT_MEM/I_CONTEXT_RAM_1_1/I1[6]
                                0.20           0.13 f        -0.07  (VIOLATED)
   I_CONTEXT_MEM/I_CONTEXT_RAM_1_1/I1[7]
                                0.20           0.13 f        -0.07  (VIOLATED)
   I_CONTEXT_MEM/I_CONTEXT_RAM_2_1/I1[0]
                                0.20           0.13 f        -0.07  (VIOLATED)
   I_CONTEXT_MEM/I_CONTEXT_RAM_2_1/I1[1]
                                0.20           0.13 f        -0.07  (VIOLATED)
   I_CONTEXT_MEM/I_CONTEXT_RAM_2_1/I1[2]
                                0.20           0.13 f        -0.07  (VIOLATED)
   I_CONTEXT_MEM/I_CONTEXT_RAM_2_1/I1[3]
                                0.20           0.13 f        -0.07  (VIOLATED)
   I_CONTEXT_MEM/I_CONTEXT_RAM_2_1/I1[4]
                                0.20           0.13 f        -0.07  (VIOLATED)
   I_CONTEXT_MEM/I_CONTEXT_RAM_2_1/I1[5]
                                0.20           0.13 f        -0.07  (VIOLATED)
   I_CONTEXT_MEM/I_CONTEXT_RAM_2_1/I1[6]
                                0.20           0.13 f        -0.07  (VIOLATED)
   I_CONTEXT_MEM/I_CONTEXT_RAM_2_1/I1[7]
                                0.20           0.13 f        -0.07  (VIOLATED)
   I_CONTEXT_MEM/I_CONTEXT_RAM_3_1/I1[0]
                                0.20           0.13 f        -0.07  (VIOLATED)
   I_CONTEXT_MEM/I_CONTEXT_RAM_3_1/I1[1]
                                0.20           0.13 f        -0.07  (VIOLATED)
   I_CONTEXT_MEM/I_CONTEXT_RAM_3_1/I1[2]
                                0.20           0.13 f        -0.07  (VIOLATED)
   I_CONTEXT_MEM/I_CONTEXT_RAM_3_1/I1[3]
                                0.20           0.13 f        -0.07  (VIOLATED)
   I_CONTEXT_MEM/I_CONTEXT_RAM_3_1/I1[4]
                                0.20           0.13 f        -0.07  (VIOLATED)
   I_CONTEXT_MEM/I_CONTEXT_RAM_3_1/I1[5]
                                0.20           0.13 f        -0.07  (VIOLATED)
   I_CONTEXT_MEM/I_CONTEXT_RAM_3_1/I1[6]
                                0.20           0.13 f        -0.07  (VIOLATED)
   I_CONTEXT_MEM/I_CONTEXT_RAM_3_1/I1[7]
                                0.20           0.13 f        -0.07  (VIOLATED)


   min_delay/hold ('v_PCI_CLK' group)

                             Required        Actual
   Endpoint                 Path Delay     Path Delay        Slack
   -----------------------------------------------------------------
   pad_out[0]                   1.50           1.05 r        -0.45  (VIOLATED)
   pad_out[1]                   1.50           1.05 r        -0.45  (VIOLATED)
   pad_out[2]                   1.50           1.05 r        -0.45  (VIOLATED)
   pad_out[3]                   1.50           1.05 r        -0.45  (VIOLATED)
   pad_out[4]                   1.50           1.05 r        -0.45  (VIOLATED)
   pad_out[5]                   1.50           1.05 r        -0.45  (VIOLATED)
   pad_out[6]                   1.50           1.05 r        -0.45  (VIOLATED)
   pad_out[7]                   1.50           1.05 r        -0.45  (VIOLATED)
   pad_out[8]                   1.50           1.05 r        -0.45  (VIOLATED)
   pad_out[9]                   1.50           1.05 r        -0.45  (VIOLATED)
   pad_out[10]                  1.50           1.05 r        -0.45  (VIOLATED)
   pad_out[11]                  1.50           1.05 r        -0.45  (VIOLATED)
   pad_out[12]                  1.50           1.05 r        -0.45  (VIOLATED)
   pad_out[13]                  1.50           1.05 r        -0.45  (VIOLATED)
   pad_out[14]                  1.50           1.05 r        -0.45  (VIOLATED)
   pad_out[15]                  1.50           1.05 r        -0.45  (VIOLATED)
   pad_out[16]                  1.50           1.05 r        -0.45  (VIOLATED)
   pad_out[17]                  1.50           1.05 r        -0.45  (VIOLATED)
   pad_out[18]                  1.50           1.05 r        -0.45  (VIOLATED)
   pad_out[19]                  1.50           1.05 r        -0.45  (VIOLATED)
   pad_out[20]                  1.50           1.05 r        -0.45  (VIOLATED)
   pad_out[21]                  1.50           1.05 r        -0.45  (VIOLATED)
   pad_out[22]                  1.50           1.05 r        -0.45  (VIOLATED)
   pad_out[23]                  1.50           1.05 r        -0.45  (VIOLATED)
   pad_out[24]                  1.50           1.05 r        -0.45  (VIOLATED)
   pad_out[25]                  1.50           1.05 r        -0.45  (VIOLATED)
   pad_out[26]                  1.50           1.05 r        -0.45  (VIOLATED)
   pad_out[27]                  1.50           1.05 r        -0.45  (VIOLATED)
   pad_out[28]                  1.50           1.05 r        -0.45  (VIOLATED)
   pad_out[29]                  1.50           1.05 r        -0.45  (VIOLATED)
   pad_out[30]                  1.50           1.05 r        -0.45  (VIOLATED)
   pad_out[31]                  1.50           1.05 r        -0.45  (VIOLATED)


   max_transition

                             Required        Actual
   Net                      Transition     Transition        Slack
   -----------------------------------------------------------------
   I_BLENDER_0/n442             0.14           0.18          -0.04  (VIOLATED)
       PIN :   I_BLENDER_0/R_105/Q
                                0.14           0.18          -0.04  (VIOLATED)
   I_BLENDER_0/n6666            0.50           0.52          -0.02  (VIOLATED)
       PIN :   I_BLENDER_0/U722/A2
                                0.50           0.52          -0.02  (VIOLATED)
       PIN :   I_BLENDER_0/U723/CI
                                0.50           0.52          -0.02  (VIOLATED)
       PIN :   I_BLENDER_0/U2230/Y
                                0.50           0.52          -0.02  (VIOLATED)
   I_BLENDER_0/n6840            0.50           0.52          -0.02  (VIOLATED)
       PIN :   I_BLENDER_0/U1929/CI
                                0.50           0.52          -0.02  (VIOLATED)
       PIN :   I_BLENDER_0/U7560/A2
                                0.50           0.52          -0.02  (VIOLATED)
       PIN :   I_BLENDER_0/U5664/Y
                                0.50           0.52          -0.02  (VIOLATED)
   I_SDRAM_TOP/I_SDRAM_IF/n2529
                                0.50           0.52          -0.02  (VIOLATED)
       PIN :   I_SDRAM_TOP/I_SDRAM_IF/U10121/A1
                                0.50           0.52          -0.02  (VIOLATED)
       PIN :   I_SDRAM_TOP/I_SDRAM_IF/U339/A
                                0.50           0.52          -0.02  (VIOLATED)
       PIN :   I_SDRAM_TOP/I_SDRAM_IF/U2961/A1
                                0.50           0.52          -0.02  (VIOLATED)
       PIN :   I_SDRAM_TOP/I_SDRAM_IF/U4715/A1
                                0.50           0.52          -0.02  (VIOLATED)
       PIN :   I_SDRAM_TOP/I_SDRAM_IF/U5907/A1
                                0.50           0.52          -0.02  (VIOLATED)
       PIN :   I_SDRAM_TOP/I_SDRAM_IF/U4016/A1
                                0.50           0.52          -0.02  (VIOLATED)
       PIN :   I_SDRAM_TOP/I_SDRAM_IF/U10177/A1
                                0.50           0.52          -0.02  (VIOLATED)
       PIN :   I_SDRAM_TOP/I_SDRAM_IF/U8619/A1
                                0.50           0.52          -0.02  (VIOLATED)
       PIN :   I_SDRAM_TOP/I_SDRAM_IF/U3590/A
                                0.50           0.52          -0.02  (VIOLATED)
       PIN :   I_SDRAM_TOP/I_SDRAM_IF/U2873/Y
                                0.50           0.52          -0.02  (VIOLATED)
   I_PCI_TOP/n2836              0.50           0.52          -0.02  (VIOLATED)
       PIN :   I_PCI_TOP/U1655/CI
                                0.50           0.52          -0.02  (VIOLATED)
       PIN :   I_PCI_TOP/U4767/A3
                                0.50           0.52          -0.02  (VIOLATED)
       PIN :   I_PCI_TOP/U3906/Y
                                0.50           0.52          -0.02  (VIOLATED)
   I_SDRAM_TOP/I_SDRAM_IF/n1132
                                0.50           0.52          -0.02  (VIOLATED)
       PIN :   I_SDRAM_TOP/I_SDRAM_IF/U684/A2
                                0.50           0.52          -0.02  (VIOLATED)
       PIN :   I_SDRAM_TOP/I_SDRAM_IF/U8659/A3
                                0.50           0.52          -0.02  (VIOLATED)
       PIN :   I_SDRAM_TOP/I_SDRAM_IF/U8381/A3
                                0.50           0.52          -0.02  (VIOLATED)
       PIN :   I_SDRAM_TOP/I_SDRAM_IF/U8383/A3
                                0.50           0.52          -0.02  (VIOLATED)
       PIN :   I_SDRAM_TOP/I_SDRAM_IF/U8304/A3
                                0.50           0.52          -0.02  (VIOLATED)
       PIN :   I_SDRAM_TOP/I_SDRAM_IF/U6514/A3
                                0.50           0.52          -0.02  (VIOLATED)
       PIN :   I_SDRAM_TOP/I_SDRAM_IF/U4978/A3
                                0.50           0.52          -0.02  (VIOLATED)
       PIN :   I_SDRAM_TOP/I_SDRAM_IF/U4148/A3
                                0.50           0.52          -0.02  (VIOLATED)
       PIN :   I_SDRAM_TOP/I_SDRAM_IF/U3141/A3
                                0.50           0.52          -0.02  (VIOLATED)
       PIN :   I_SDRAM_TOP/I_SDRAM_IF/U3059/A3
                                0.50           0.52          -0.02  (VIOLATED)
       PIN :   I_SDRAM_TOP/I_SDRAM_IF/U9293/A3
                                0.50           0.52          -0.02  (VIOLATED)
       PIN :   I_SDRAM_TOP/I_SDRAM_IF/U8603/A3
                                0.50           0.52          -0.02  (VIOLATED)
       PIN :   I_SDRAM_TOP/I_SDRAM_IF/U2926/A3
                                0.50           0.52          -0.02  (VIOLATED)
       PIN :   I_SDRAM_TOP/I_SDRAM_IF/U8309/A3
                                0.50           0.52          -0.02  (VIOLATED)
       PIN :   I_SDRAM_TOP/I_SDRAM_IF/U2310/Y
                                0.50           0.52          -0.02  (VIOLATED)
   I_SDRAM_TOP/I_SDRAM_IF/n3561
                                0.50           0.51          -0.01  (VIOLATED)
       PIN :   I_SDRAM_TOP/I_SDRAM_IF/U3194/A2
                                0.50           0.51          -0.01  (VIOLATED)
       PIN :   I_SDRAM_TOP/I_SDRAM_IF/U10572/A2
                                0.50           0.51          -0.01  (VIOLATED)
       PIN :   I_SDRAM_TOP/I_SDRAM_IF/U330/A
                                0.50           0.51          -0.01  (VIOLATED)
       PIN :   I_SDRAM_TOP/I_SDRAM_IF/U11063/A2
                                0.50           0.51          -0.01  (VIOLATED)
       PIN :   I_SDRAM_TOP/I_SDRAM_IF/U2964/A2
                                0.50           0.51          -0.01  (VIOLATED)
       PIN :   I_SDRAM_TOP/I_SDRAM_IF/U11093/A4
                                0.50           0.51          -0.01  (VIOLATED)
       PIN :   I_SDRAM_TOP/I_SDRAM_IF/U7966/A4
                                0.50           0.51          -0.01  (VIOLATED)
       PIN :   I_SDRAM_TOP/I_SDRAM_IF/U7929/A4
                                0.50           0.51          -0.01  (VIOLATED)
       PIN :   I_SDRAM_TOP/I_SDRAM_IF/U6695/A
                                0.50           0.51          -0.01  (VIOLATED)
       PIN :   I_SDRAM_TOP/I_SDRAM_IF/U2901/Y
                                0.50           0.51          -0.01  (VIOLATED)
   I_SDRAM_TOP/I_SDRAM_IF/n1140
                                0.50           0.51          -0.01  (VIOLATED)
       PIN :   I_SDRAM_TOP/I_SDRAM_IF/U9926/A4
                                0.50           0.51          -0.01  (VIOLATED)
       PIN :   I_SDRAM_TOP/I_SDRAM_IF/U331/A3
                                0.50           0.51          -0.01  (VIOLATED)
       PIN :   I_SDRAM_TOP/I_SDRAM_IF/U10829/A3
                                0.50           0.51          -0.01  (VIOLATED)
       PIN :   I_SDRAM_TOP/I_SDRAM_IF/U9924/A4
                                0.50           0.51          -0.01  (VIOLATED)
       PIN :   I_SDRAM_TOP/I_SDRAM_IF/U4113/A3
                                0.50           0.51          -0.01  (VIOLATED)
       PIN :   I_SDRAM_TOP/I_SDRAM_IF/U4095/A3
                                0.50           0.51          -0.01  (VIOLATED)
       PIN :   I_SDRAM_TOP/I_SDRAM_IF/U4020/A3
                                0.50           0.51          -0.01  (VIOLATED)
       PIN :   I_SDRAM_TOP/I_SDRAM_IF/U9073/A3
                                0.50           0.51          -0.01  (VIOLATED)
       PIN :   I_SDRAM_TOP/I_SDRAM_IF/U9043/A3
                                0.50           0.51          -0.01  (VIOLATED)
       PIN :   I_SDRAM_TOP/I_SDRAM_IF/U8763/A3
                                0.50           0.51          -0.01  (VIOLATED)
       PIN :   I_SDRAM_TOP/I_SDRAM_IF/U7071/A3
                                0.50           0.51          -0.01  (VIOLATED)
       PIN :   I_SDRAM_TOP/I_SDRAM_IF/U8898/A3
                                0.50           0.51          -0.01  (VIOLATED)
       PIN :   I_SDRAM_TOP/I_SDRAM_IF/U1743/A2
                                0.50           0.51          -0.01  (VIOLATED)
       PIN :   I_SDRAM_TOP/I_SDRAM_IF/U8830/A3
                                0.50           0.51          -0.01  (VIOLATED)
       PIN :   I_SDRAM_TOP/I_SDRAM_IF/U2318/Y
                                0.50           0.51          -0.01  (VIOLATED)

   -----------------------------------------------------------------
   Total                      8                  -0.16  

   max_capacitance

                             Required        Actual
   Net                      Capacitance    Capacitance       Slack
   -----------------------------------------------------------------
   I_BLENDER_0/n442             8.00           9.50          -1.50  (VIOLATED)
   I_BLENDER_0/n7116           32.00          33.26          -1.26  (VIOLATED)
   I_BLENDER_0/n4150           16.00          16.98          -0.98  (VIOLATED)
   net_context_cmd_1            8.00           8.11          -0.11  (VIOLATED)

   -----------------------------------------------------------------
   Total                      4                  -3.85  

1
