 
****************************************
Report : area
Design : ORCA_TOP
Version: P-2019.03-SP1-1
Date   : Tue May 19 16:38:44 2020
****************************************

Library(s) Used:

    saed32hvt_ss0p75vn40c (File: /pkgs/synopsys/2020/32_28nm/SAED32_EDK/lib/stdcell_hvt/db_nldm/saed32hvt_ss0p75vn40c.db)
    saed32lvt_ss0p75vn40c (File: /pkgs/synopsys/2020/32_28nm/SAED32_EDK/lib/stdcell_lvt/db_nldm/saed32lvt_ss0p75vn40c.db)
    saed32lvt_dlvl_ss0p75vn40c_i0p95v (File: /pkgs/synopsys/2020/32_28nm/SAED32_EDK/lib/stdcell_lvt/db_nldm/saed32lvt_dlvl_ss0p75vn40c_i0p95v.db)
    saed32hvt_dlvl_ss0p75vn40c_i0p95v (File: /pkgs/synopsys/2020/32_28nm/SAED32_EDK/lib/stdcell_hvt/db_nldm/saed32hvt_dlvl_ss0p75vn40c_i0p95v.db)
    saed32sram_ss0p95vn40c (File: /pkgs/synopsys/2020/32_28nm/SAED32_EDK/lib/sram/db_nldm/saed32sram_ss0p95vn40c.db)
    saed32hvt_ss0p95vn40c (File: /pkgs/synopsys/2020/32_28nm/SAED32_EDK/lib/stdcell_hvt/db_nldm/saed32hvt_ss0p95vn40c.db)
    saed32lvt_ss0p95vn40c (File: /pkgs/synopsys/2020/32_28nm/SAED32_EDK/lib/stdcell_lvt/db_nldm/saed32lvt_ss0p95vn40c.db)
    saed32lvt_ulvl_ss0p95vn40c_i0p75v (File: /pkgs/synopsys/2020/32_28nm/SAED32_EDK/lib/stdcell_lvt/db_nldm/saed32lvt_ulvl_ss0p95vn40c_i0p75v.db)
    saed32hvt_ulvl_ss0p95vn40c_i0p75v (File: /pkgs/synopsys/2020/32_28nm/SAED32_EDK/lib/stdcell_hvt/db_nldm/saed32hvt_ulvl_ss0p95vn40c_i0p75v.db)

Number of ports:                         2189
Number of nets:                         49726
Number of cells:                        46279
Number of combinational cells:          40198
Number of sequential cells:              5110
Number of macros/black boxes:             444
Number of buf/inv:                       6895
Number of references:                      39

Combinational area:             102192.319613
Buf/Inv area:                    12892.979443
Noncombinational area:           46654.231291
Macro/Black Box area:           232258.152132
Net Interconnect area:      undefined  (Wire load has zero net area)

Total cell area:                381104.703037
Total area:                 undefined
1
