****************************************
Report : constraint
	-all_violators
	-path slack_only
Design : fifo1_sram
Version: O-2018.06
Date   : Thu Apr  9 11:48:52 2020
****************************************


   min_delay/hold ('INPUTS' group)

   Endpoint                                                  Slack
   -----------------------------------------------------------------
   wdata_reg_2_/D                                           -3.334  (VIOLATED)
   wdata_reg_5_/D                                           -3.327  (VIOLATED)
   wdata_reg_3_/D                                           -3.326  (VIOLATED)
   wdata_reg_0_/D                                           -3.315  (VIOLATED)
   wdata_reg_4_/D                                           -3.306  (VIOLATED)
   wdata_reg_6_/D                                           -3.306  (VIOLATED)
   wdata_reg_7_/D                                           -3.299  (VIOLATED)
   wdata_reg_1_/D                                           -3.282  (VIOLATED)
   rptr_empty/rbin_reg_0_/D                                 -2.767  (VIOLATED)
   rptr_empty/rbin_reg_5_/D                                 -2.761  (VIOLATED)
   rptr_empty/rbin_reg_6_/D                                 -2.757  (VIOLATED)
   rptr_empty/rbin_reg_7_/D                                 -2.752  (VIOLATED)
   rptr_empty/rbin_reg_4_/D                                 -2.752  (VIOLATED)
   rptr_empty/rbin_reg_1_/D                                 -2.751  (VIOLATED)
   rptr_empty/rbin_reg_3_/D                                 -2.750  (VIOLATED)
   rptr_empty/rbin_reg_2_/D                                 -2.736  (VIOLATED)
   rptr_empty/rptr_reg_3_/D                                 -2.735  (VIOLATED)
   rptr_empty/rptr_reg_4_/D                                 -2.735  (VIOLATED)
   rptr_empty/rptr_reg_5_/D                                 -2.733  (VIOLATED)
   rptr_empty/rptr_reg_6_/D                                 -2.733  (VIOLATED)
   rptr_empty/rbin_reg_8_/D                                 -2.729  (VIOLATED)
   rptr_empty/rbin_reg_2_/RSTB                              -2.726  (VIOLATED)
   rptr_empty/rbin_reg_1_/RSTB                              -2.726  (VIOLATED)
   rptr_empty/rbin_reg_3_/RSTB                              -2.726  (VIOLATED)
   rptr_empty/rbin_reg_0_/RSTB                              -2.726  (VIOLATED)
   rptr_empty/rbin_reg_9_/D                                 -2.724  (VIOLATED)
   rptr_empty/rptr_reg_0_/D                                 -2.724  (VIOLATED)
   rptr_empty/rptr_reg_7_/D                                 -2.723  (VIOLATED)
   rptr_empty/rptr_reg_1_/D                                 -2.717  (VIOLATED)
   rptr_empty/rptr_reg_2_/D                                 -2.713  (VIOLATED)
   rptr_empty/rbin_reg_10_/D                                -2.708  (VIOLATED)
   rptr_empty/rptr_reg_9_/D                                 -2.706  (VIOLATED)
   sync_w2r/rq2_wptr_reg_8_/RSTB                            -2.699  (VIOLATED)
   rptr_empty/rptr_reg_8_/D                                 -2.699  (VIOLATED)
   sync_w2r/rq2_wptr_reg_9_/RSTB                            -2.699  (VIOLATED)
   sync_w2r/rq2_wptr_reg_10_/RSTB                           -2.698  (VIOLATED)
   sync_w2r/rq2_wptr_reg_6_/RSTB                            -2.697  (VIOLATED)
   wptr_full/wbin_reg_0_/D                                  -2.696  (VIOLATED)
   sync_w2r/rq1_wptr_reg_8_/RSTB                            -2.682  (VIOLATED)
   sync_w2r/rq1_wptr_reg_10_/RSTB                           -2.682  (VIOLATED)
   rptr_empty/rbin_reg_9_/RSTB                              -2.682  (VIOLATED)
   sync_w2r/rq1_wptr_reg_9_/RSTB                            -2.682  (VIOLATED)
   sync_w2r/rq1_wptr_reg_7_/RSTB                            -2.682  (VIOLATED)
   rptr_empty/rbin_reg_8_/RSTB                              -2.681  (VIOLATED)
   sync_w2r/rq1_wptr_reg_6_/RSTB                            -2.680  (VIOLATED)
   sync_w2r/rq1_wptr_reg_0_/RSTB                            -2.680  (VIOLATED)
   rptr_empty/rempty_reg/D                                  -2.679  (VIOLATED)
   sync_w2r/rq2_wptr_reg_4_/RSTB                            -2.663  (VIOLATED)
   sync_w2r/rq2_wptr_reg_5_/RSTB                            -2.663  (VIOLATED)
   sync_w2r/rq2_wptr_reg_2_/RSTB                            -2.663  (VIOLATED)
   sync_w2r/rq2_wptr_reg_1_/RSTB                            -2.662  (VIOLATED)
   rptr_empty/rbin_reg_4_/RSTB                              -2.658  (VIOLATED)
   rptr_empty/rbin_reg_5_/RSTB                              -2.658  (VIOLATED)
   rptr_empty/rbin_reg_6_/RSTB                              -2.657  (VIOLATED)
   rptr_empty/rptr_reg_4_/RSTB                              -2.657  (VIOLATED)
   sync_w2r/rq1_wptr_reg_4_/RSTB                            -2.657  (VIOLATED)
   rptr_empty/rbin_reg_7_/RSTB                              -2.656  (VIOLATED)
   sync_w2r/rq1_wptr_reg_5_/RSTB                            -2.656  (VIOLATED)
   sync_w2r/rq1_wptr_reg_3_/RSTB                            -2.656  (VIOLATED)
   sync_w2r/rq1_wptr_reg_2_/RSTB                            -2.656  (VIOLATED)
   sync_w2r/rq1_wptr_reg_1_/RSTB                            -2.655  (VIOLATED)
   wptr_full/wptr_reg_0_/D                                  -2.650  (VIOLATED)
   rptr_empty/rptr_reg_9_/RSTB                              -2.647  (VIOLATED)
   wptr_full/wbin_reg_1_/D                                  -2.646  (VIOLATED)
   rptr_empty/rptr_reg_1_/RSTB                              -2.636  (VIOLATED)
   rptr_empty/rptr_reg_8_/RSTB                              -2.635  (VIOLATED)
   rptr_empty/rbin_reg_10_/RSTB                             -2.635  (VIOLATED)
   sync_w2r/rq2_wptr_reg_3_/RSTB                            -2.635  (VIOLATED)
   rptr_empty/rptr_reg_6_/RSTB                              -2.628  (VIOLATED)
   rptr_empty/rptr_reg_7_/RSTB                              -2.628  (VIOLATED)
   rptr_empty/rptr_reg_0_/RSTB                              -2.628  (VIOLATED)
   rptr_empty/rptr_reg_5_/RSTB                              -2.627  (VIOLATED)
   sync_w2r/rq2_wptr_reg_7_/RSTB                            -2.627  (VIOLATED)
   rptr_empty/rptr_reg_3_/RSTB                              -2.626  (VIOLATED)
   rptr_empty/rptr_reg_2_/RSTB                              -2.625  (VIOLATED)
   sync_w2r/rq2_wptr_reg_0_/RSTB                            -2.625  (VIOLATED)
   wptr_full/wbin_reg_3_/D                                  -2.621  (VIOLATED)
   wptr_full/wbin_reg_2_/D                                  -2.613  (VIOLATED)
   wptr_full/wptr_reg_1_/D                                  -2.608  (VIOLATED)
   wptr_full/wbin_reg_4_/D                                  -2.607  (VIOLATED)
   wptr_full/wptr_reg_3_/D                                  -2.583  (VIOLATED)
   wptr_full/wbin_reg_5_/D                                  -2.580  (VIOLATED)
   wptr_full/wptr_reg_2_/D                                  -2.576  (VIOLATED)
   wptr_full/wptr_reg_4_/D                                  -2.571  (VIOLATED)
   rptr_empty/rempty_reg/SETB                               -2.569  (VIOLATED)
   wptr_full/wbin_reg_6_/D                                  -2.547  (VIOLATED)
   wptr_full/wptr_reg_5_/D                                  -2.541  (VIOLATED)
   wptr_full/wfull_reg/D                                    -2.539  (VIOLATED)
   wptr_full/wbin_reg_7_/D                                  -2.510  (VIOLATED)
   wptr_full/wptr_reg_6_/D                                  -2.499  (VIOLATED)
   wptr_full/wbin_reg_8_/D                                  -2.477  (VIOLATED)
   wptr_full/wptr_reg_7_/D                                  -2.462  (VIOLATED)
   wptr_full/wbin_reg_9_/D                                  -2.438  (VIOLATED)
   wptr_full/wptr_reg_8_/D                                  -2.432  (VIOLATED)
   wptr_full/wbin_reg_10_/D                                 -2.417  (VIOLATED)
   wptr_full/wptr_reg_9_/D                                  -2.415  (VIOLATED)


   max_capacitance

                             Required        Actual
   Pin                      Capacitance    Capacitance       Slack
   -----------------------------------------------------------------
   ropt_mt_inst_1747/Y       168.000       2270.061       -2102.061 (VIOLATED)
   U58/Y                     168.000       2269.341       -2101.341 (VIOLATED)
   U65/Y                     168.000       2267.444       -2099.444 (VIOLATED)
   U70/Y                     168.000       2266.919       -2098.919 (VIOLATED)
   U68/Y                     168.000       2266.518       -2098.518 (VIOLATED)
   U71/Y                     168.000       2266.450       -2098.450 (VIOLATED)
   U63/Y                     168.000       2266.253       -2098.253 (VIOLATED)
   U66/Y                     168.000       2265.959       -2097.959 (VIOLATED)
   U72/Y                     168.000       2265.794       -2097.794 (VIOLATED)
   U69/Y                     168.000       2265.710       -2097.710 (VIOLATED)
   U64/Y                     168.000       2265.509       -2097.509 (VIOLATED)
   U67/Y                     168.000       2265.280       -2097.280 (VIOLATED)
   fifomem/genblk1_1__U/O2[2]
                              25.000         53.375        -28.375  (VIOLATED)
   fifomem/genblk1_1__U/O2[4]
                              25.000         50.712        -25.712  (VIOLATED)
   fifomem/genblk1_1__U/O2[7]
                              25.000         50.697        -25.697  (VIOLATED)
   fifomem/genblk1_1__U/O2[5]
                              25.000         47.367        -22.367  (VIOLATED)
   fifomem/genblk1_1__U/O2[3]
                              25.000         41.743        -16.743  (VIOLATED)
   fifomem/genblk1_0__U/O2[0]
                              25.000         41.467        -16.467  (VIOLATED)
   fifomem/genblk1_0__U/O2[6]
                              25.000         40.402        -15.402  (VIOLATED)
   fifomem/genblk1_1__U/O2[1]
                              25.000         39.383        -14.383  (VIOLATED)
   fifomem/genblk1_6__U/O2[2]
                              25.000         35.580        -10.580  (VIOLATED)
   fifomem/genblk1_7__U/O2[6]
                              25.000         34.718         -9.718  (VIOLATED)
   fifomem/genblk1_7__U/O2[0]
                              25.000         34.079         -9.079  (VIOLATED)
   fifomem/genblk1_6__U/O2[7]
                              25.000         33.723         -8.723  (VIOLATED)
   fifomem/genblk1_7__U/O2[1]
                              25.000         33.652         -8.652  (VIOLATED)
   fifomem/genblk1_6__U/O2[1]
                              25.000         31.936         -6.936  (VIOLATED)
   fifomem/genblk1_6__U/O2[3]
                              25.000         31.676         -6.676  (VIOLATED)
   fifomem/genblk1_6__U/O2[5]
                              25.000         31.592         -6.592  (VIOLATED)
   fifomem/genblk1_6__U/O2[6]
                              25.000         30.788         -5.788  (VIOLATED)
   fifomem/genblk1_7__U/O2[3]
                              25.000         29.409         -4.409  (VIOLATED)
   fifomem/genblk1_7__U/O2[7]
                              25.000         28.931         -3.931  (VIOLATED)
   fifomem/genblk1_6__U/O2[4]
                              25.000         27.939         -2.939  (VIOLATED)
   fifomem/genblk1_7__U/O2[2]
                              25.000         27.233         -2.233  (VIOLATED)
   fifomem/genblk1_7__U/O2[5]
                              25.000         27.144         -2.144  (VIOLATED)
   fifomem/U37/Y              32.000         34.059         -2.059  (VIOLATED)
   HFSBUF_229_0/Y             64.000         66.053         -2.053  (VIOLATED)
   fifomem/U31/Y              32.000         33.768         -1.768  (VIOLATED)
   ZBUF_inst_127/Y            32.000         32.773         -0.773  (VIOLATED)
   ZBUF_inst_129/Y            32.000         32.634         -0.634  (VIOLATED)
   ZBUF_inst_128/Y            32.000         32.601         -0.601  (VIOLATED)
   fifomem/genblk1_6__U/O2[0]
                              25.000         25.592         -0.592  (VIOLATED)
   ZBUF_inst_126/Y            32.000         32.556         -0.556  (VIOLATED)
   wptr_full/wbin_reg_6_/Q     8.000          8.539         -0.539  (VIOLATED)
   rptr_empty/rbin_reg_5_/Q    8.000          8.426         -0.426  (VIOLATED)
   fifomem/U33/Y               8.000          8.263         -0.263  (VIOLATED)
   fifomem/U44/Y               8.000          8.167         -0.167  (VIOLATED)
   wptr_full/wbin_reg_9_/Q     8.000          8.015         -0.015  (VIOLATED)


   min_capacitance

                             Required        Actual
   Pin                      Capacitance    Capacitance       Slack
   -----------------------------------------------------------------
   fifomem/genblk1_0__U/O1[0]
                               0.100          0.011         -0.089  (VIOLATED)
   fifomem/genblk1_0__U/O1[1]
                               0.100          0.011         -0.089  (VIOLATED)
   fifomem/genblk1_0__U/O1[2]
                               0.100          0.011         -0.089  (VIOLATED)
   fifomem/genblk1_0__U/O1[3]
                               0.100          0.011         -0.089  (VIOLATED)
   fifomem/genblk1_0__U/O1[4]
                               0.100          0.011         -0.089  (VIOLATED)
   fifomem/genblk1_0__U/O1[5]
                               0.100          0.011         -0.089  (VIOLATED)
   fifomem/genblk1_0__U/O1[6]
                               0.100          0.011         -0.089  (VIOLATED)
   fifomem/genblk1_0__U/O1[7]
                               0.100          0.011         -0.089  (VIOLATED)
   fifomem/genblk1_1__U/O1[0]
                               0.100          0.011         -0.089  (VIOLATED)
   fifomem/genblk1_1__U/O1[1]
                               0.100          0.011         -0.089  (VIOLATED)
   fifomem/genblk1_1__U/O1[2]
                               0.100          0.011         -0.089  (VIOLATED)
   fifomem/genblk1_1__U/O1[3]
                               0.100          0.011         -0.089  (VIOLATED)
   fifomem/genblk1_1__U/O1[4]
                               0.100          0.011         -0.089  (VIOLATED)
   fifomem/genblk1_1__U/O1[5]
                               0.100          0.011         -0.089  (VIOLATED)
   fifomem/genblk1_1__U/O1[6]
                               0.100          0.011         -0.089  (VIOLATED)
   fifomem/genblk1_1__U/O1[7]
                               0.100          0.011         -0.089  (VIOLATED)
   fifomem/genblk1_2__U/O1[0]
                               0.100          0.011         -0.089  (VIOLATED)
   fifomem/genblk1_2__U/O1[1]
                               0.100          0.011         -0.089  (VIOLATED)
   fifomem/genblk1_2__U/O1[2]
                               0.100          0.011         -0.089  (VIOLATED)
   fifomem/genblk1_2__U/O1[3]
                               0.100          0.011         -0.089  (VIOLATED)
   fifomem/genblk1_2__U/O1[4]
                               0.100          0.011         -0.089  (VIOLATED)
   fifomem/genblk1_2__U/O1[5]
                               0.100          0.011         -0.089  (VIOLATED)
   fifomem/genblk1_2__U/O1[6]
                               0.100          0.011         -0.089  (VIOLATED)
   fifomem/genblk1_2__U/O1[7]
                               0.100          0.011         -0.089  (VIOLATED)
   fifomem/genblk1_3__U/O1[0]
                               0.100          0.011         -0.089  (VIOLATED)
   fifomem/genblk1_3__U/O1[1]
                               0.100          0.011         -0.089  (VIOLATED)
   fifomem/genblk1_3__U/O1[2]
                               0.100          0.011         -0.089  (VIOLATED)
   fifomem/genblk1_3__U/O1[3]
                               0.100          0.011         -0.089  (VIOLATED)
   fifomem/genblk1_3__U/O1[4]
                               0.100          0.011         -0.089  (VIOLATED)
   fifomem/genblk1_3__U/O1[5]
                               0.100          0.011         -0.089  (VIOLATED)
   fifomem/genblk1_3__U/O1[6]
                               0.100          0.011         -0.089  (VIOLATED)
   fifomem/genblk1_3__U/O1[7]
                               0.100          0.011         -0.089  (VIOLATED)
   fifomem/genblk1_4__U/O1[0]
                               0.100          0.011         -0.089  (VIOLATED)
   fifomem/genblk1_4__U/O1[1]
                               0.100          0.011         -0.089  (VIOLATED)
   fifomem/genblk1_4__U/O1[2]
                               0.100          0.011         -0.089  (VIOLATED)
   fifomem/genblk1_4__U/O1[3]
                               0.100          0.011         -0.089  (VIOLATED)
   fifomem/genblk1_4__U/O1[4]
                               0.100          0.011         -0.089  (VIOLATED)
   fifomem/genblk1_4__U/O1[5]
                               0.100          0.011         -0.089  (VIOLATED)
   fifomem/genblk1_4__U/O1[6]
                               0.100          0.011         -0.089  (VIOLATED)
   fifomem/genblk1_4__U/O1[7]
                               0.100          0.011         -0.089  (VIOLATED)
   fifomem/genblk1_5__U/O1[0]
                               0.100          0.011         -0.089  (VIOLATED)
   fifomem/genblk1_5__U/O1[1]
                               0.100          0.011         -0.089  (VIOLATED)
   fifomem/genblk1_5__U/O1[2]
                               0.100          0.011         -0.089  (VIOLATED)
   fifomem/genblk1_5__U/O1[3]
                               0.100          0.011         -0.089  (VIOLATED)
   fifomem/genblk1_5__U/O1[4]
                               0.100          0.011         -0.089  (VIOLATED)
   fifomem/genblk1_5__U/O1[5]
                               0.100          0.011         -0.089  (VIOLATED)
   fifomem/genblk1_5__U/O1[6]
                               0.100          0.011         -0.089  (VIOLATED)
   fifomem/genblk1_5__U/O1[7]
                               0.100          0.011         -0.089  (VIOLATED)
   fifomem/genblk1_6__U/O1[0]
                               0.100          0.011         -0.089  (VIOLATED)
   fifomem/genblk1_6__U/O1[1]
                               0.100          0.011         -0.089  (VIOLATED)
   fifomem/genblk1_6__U/O1[2]
                               0.100          0.011         -0.089  (VIOLATED)
   fifomem/genblk1_6__U/O1[3]
                               0.100          0.011         -0.089  (VIOLATED)
   fifomem/genblk1_6__U/O1[4]
                               0.100          0.011         -0.089  (VIOLATED)
   fifomem/genblk1_6__U/O1[5]
                               0.100          0.011         -0.089  (VIOLATED)
   fifomem/genblk1_6__U/O1[6]
                               0.100          0.011         -0.089  (VIOLATED)
   fifomem/genblk1_6__U/O1[7]
                               0.100          0.011         -0.089  (VIOLATED)
   fifomem/genblk1_7__U/O1[0]
                               0.100          0.011         -0.089  (VIOLATED)
   fifomem/genblk1_7__U/O1[1]
                               0.100          0.011         -0.089  (VIOLATED)
   fifomem/genblk1_7__U/O1[2]
                               0.100          0.011         -0.089  (VIOLATED)
   fifomem/genblk1_7__U/O1[3]
                               0.100          0.011         -0.089  (VIOLATED)
   fifomem/genblk1_7__U/O1[4]
                               0.100          0.011         -0.089  (VIOLATED)
   fifomem/genblk1_7__U/O1[5]
                               0.100          0.011         -0.089  (VIOLATED)
   fifomem/genblk1_7__U/O1[6]
                               0.100          0.011         -0.089  (VIOLATED)
   fifomem/genblk1_7__U/O1[7]
                               0.100          0.011         -0.089  (VIOLATED)


   max_transition

                             Required        Actual
   Pin                      Transition     Transition        Slack
   -----------------------------------------------------------------
   io_b_wclk2x/PADIO           3.200          6.616         -3.416  (VIOLATED)
   io_b_rclk/PADIO             3.200          5.426         -2.226  (VIOLATED)
   io_b_wclk/PADIO             3.200          5.404         -2.204  (VIOLATED)


1
