
Start of Master/Slave Task Processing
-------------------------------------
Information: Checked out license 'PrimeTime' (PT-019)
Started    : Command execution in scenario 'func_max'
Started    : Command execution in scenario 'func_min'
Sourcing   : Scenario specific data files to setup scenario 'func_max'
Sourcing   : Scenario specific data files to setup scenario 'func_min'
Information: Checked out license 'PrimeTime-SI' (PT-019)
Information: Checked out license 'PrimeTime-SI' (PT-019)
Succeeded  : Command execution in scenario 'func_max'
Succeeded  : Command execution in scenario 'func_min'
-----------------------------------
End of Master/Slave Task Processing

****************************************
Report : constraint
	-all_violators
	-path slack_only
Design : multi_scenario design
Version: O-2018.06
Date   : Thu Apr  9 11:24:29 2020
****************************************

Scenarios: func_max func_min 


   max_delay/setup ('OUTPUTS' group)

   Endpoint                 Scenario                                   Slack
   ---------------------------------------------------------------------------
   rdata[6]                 func_max                                   -3.74  (VIOLATED)
   rdata[2]                 func_max                                   -3.68  (VIOLATED)
   rdata[4]                 func_max                                   -3.67  (VIOLATED)
   rdata[5]                 func_max                                   -3.67  (VIOLATED)
   rdata[1]                 func_max                                   -3.66  (VIOLATED)
   rdata[0]                 func_max                                   -3.65  (VIOLATED)
   rdata[3]                 func_max                                   -3.63  (VIOLATED)
   rdata[7]                 func_max                                   -3.41  (VIOLATED)
   rempty                   func_max                                   -2.87  (VIOLATED)
   wfull                    func_max                                   -0.12  (VIOLATED)

   max_delay/setup ('rclk' group)

   Endpoint                 Scenario                                   Slack
   ---------------------------------------------------------------------------
   rptr_empty/rempty_reg/D  func_max                                   -0.13  (VIOLATED)
   fifomem/genblk1_6__U/CSB2 func_max                                  -0.11  (VIOLATED)


   min_delay/hold ('INPUTS' group)

   Endpoint                 Scenario                                   Slack
   ---------------------------------------------------------------------------
   wdata_reg_2_/D           func_min                                   -3.33  (VIOLATED)
   wdata_reg_5_/D           func_min                                   -3.33  (VIOLATED)
   wdata_reg_3_/D           func_min                                   -3.33  (VIOLATED)
   wdata_reg_0_/D           func_min                                   -3.31  (VIOLATED)
   wdata_reg_4_/D           func_min                                   -3.31  (VIOLATED)
   wdata_reg_6_/D           func_min                                   -3.31  (VIOLATED)
   wdata_reg_7_/D           func_min                                   -3.30  (VIOLATED)
   wdata_reg_1_/D           func_min                                   -3.28  (VIOLATED)
   rptr_empty/rbin_reg_0_/D func_min                                   -2.77  (VIOLATED)
   rptr_empty/rbin_reg_5_/D func_min                                   -2.76  (VIOLATED)
   rptr_empty/rbin_reg_6_/D func_min                                   -2.76  (VIOLATED)
   rptr_empty/rbin_reg_7_/D func_min                                   -2.75  (VIOLATED)
   rptr_empty/rbin_reg_4_/D func_min                                   -2.75  (VIOLATED)
   rptr_empty/rbin_reg_1_/D func_min                                   -2.75  (VIOLATED)
   rptr_empty/rbin_reg_3_/D func_min                                   -2.75  (VIOLATED)
   rptr_empty/rbin_reg_2_/D func_min                                   -2.74  (VIOLATED)
   rptr_empty/rptr_reg_3_/D func_min                                   -2.74  (VIOLATED)
   rptr_empty/rptr_reg_4_/D func_min                                   -2.73  (VIOLATED)
   rptr_empty/rptr_reg_5_/D func_min                                   -2.73  (VIOLATED)
   rptr_empty/rptr_reg_6_/D func_min                                   -2.73  (VIOLATED)
   rptr_empty/rbin_reg_8_/D func_min                                   -2.73  (VIOLATED)
   rptr_empty/rbin_reg_2_/RSTB func_min                                -2.73  (VIOLATED)
   rptr_empty/rbin_reg_1_/RSTB func_min                                -2.73  (VIOLATED)
   rptr_empty/rbin_reg_3_/RSTB func_min                                -2.73  (VIOLATED)
   rptr_empty/rbin_reg_0_/RSTB func_min                                -2.73  (VIOLATED)
   rptr_empty/rbin_reg_9_/D func_min                                   -2.72  (VIOLATED)
   rptr_empty/rptr_reg_0_/D func_min                                   -2.72  (VIOLATED)
   rptr_empty/rptr_reg_7_/D func_min                                   -2.72  (VIOLATED)
   rptr_empty/rptr_reg_1_/D func_min                                   -2.72  (VIOLATED)
   rptr_empty/rptr_reg_2_/D func_min                                   -2.71  (VIOLATED)
   rptr_empty/rbin_reg_10_/D func_min                                  -2.71  (VIOLATED)
   rptr_empty/rptr_reg_9_/D func_min                                   -2.71  (VIOLATED)
   sync_w2r/rq2_wptr_reg_8_/RSTB func_min                              -2.70  (VIOLATED)
   rptr_empty/rptr_reg_8_/D func_min                                   -2.70  (VIOLATED)
   sync_w2r/rq2_wptr_reg_9_/RSTB func_min                              -2.70  (VIOLATED)
   sync_w2r/rq2_wptr_reg_10_/RSTB func_min                             -2.70  (VIOLATED)
   sync_w2r/rq2_wptr_reg_6_/RSTB func_min                              -2.70  (VIOLATED)
   wptr_full/wbin_reg_0_/D  func_min                                   -2.70  (VIOLATED)
   sync_w2r/rq1_wptr_reg_8_/RSTB func_min                              -2.68  (VIOLATED)
   sync_w2r/rq1_wptr_reg_10_/RSTB func_min                             -2.68  (VIOLATED)
   rptr_empty/rbin_reg_9_/RSTB func_min                                -2.68  (VIOLATED)
   sync_w2r/rq1_wptr_reg_9_/RSTB func_min                              -2.68  (VIOLATED)
   sync_w2r/rq1_wptr_reg_7_/RSTB func_min                              -2.68  (VIOLATED)
   rptr_empty/rbin_reg_8_/RSTB func_min                                -2.68  (VIOLATED)
   sync_w2r/rq1_wptr_reg_6_/RSTB func_min                              -2.68  (VIOLATED)
   sync_w2r/rq1_wptr_reg_0_/RSTB func_min                              -2.68  (VIOLATED)
   rptr_empty/rempty_reg/D  func_min                                   -2.68  (VIOLATED)
   sync_w2r/rq2_wptr_reg_4_/RSTB func_min                              -2.66  (VIOLATED)
   sync_w2r/rq2_wptr_reg_5_/RSTB func_min                              -2.66  (VIOLATED)
   sync_w2r/rq2_wptr_reg_2_/RSTB func_min                              -2.66  (VIOLATED)
   sync_w2r/rq2_wptr_reg_1_/RSTB func_min                              -2.66  (VIOLATED)
   rptr_empty/rbin_reg_4_/RSTB func_min                                -2.66  (VIOLATED)
   rptr_empty/rbin_reg_5_/RSTB func_min                                -2.66  (VIOLATED)
   rptr_empty/rbin_reg_6_/RSTB func_min                                -2.66  (VIOLATED)
   rptr_empty/rptr_reg_4_/RSTB func_min                                -2.66  (VIOLATED)
   sync_w2r/rq1_wptr_reg_4_/RSTB func_min                              -2.66  (VIOLATED)
   rptr_empty/rbin_reg_7_/RSTB func_min                                -2.66  (VIOLATED)
   sync_w2r/rq1_wptr_reg_5_/RSTB func_min                              -2.66  (VIOLATED)
   sync_w2r/rq1_wptr_reg_3_/RSTB func_min                              -2.66  (VIOLATED)
   sync_w2r/rq1_wptr_reg_2_/RSTB func_min                              -2.66  (VIOLATED)
   sync_w2r/rq1_wptr_reg_1_/RSTB func_min                              -2.65  (VIOLATED)
   wptr_full/wptr_reg_0_/D  func_min                                   -2.65  (VIOLATED)
   rptr_empty/rptr_reg_9_/RSTB func_min                                -2.65  (VIOLATED)
   wptr_full/wbin_reg_1_/D  func_min                                   -2.65  (VIOLATED)
   rptr_empty/rptr_reg_1_/RSTB func_min                                -2.64  (VIOLATED)
   rptr_empty/rptr_reg_8_/RSTB func_min                                -2.64  (VIOLATED)
   rptr_empty/rbin_reg_10_/RSTB func_min                               -2.64  (VIOLATED)
   sync_w2r/rq2_wptr_reg_3_/RSTB func_min                              -2.63  (VIOLATED)
   rptr_empty/rptr_reg_6_/RSTB func_min                                -2.63  (VIOLATED)
   rptr_empty/rptr_reg_7_/RSTB func_min                                -2.63  (VIOLATED)
   rptr_empty/rptr_reg_0_/RSTB func_min                                -2.63  (VIOLATED)
   rptr_empty/rptr_reg_5_/RSTB func_min                                -2.63  (VIOLATED)
   sync_w2r/rq2_wptr_reg_7_/RSTB func_min                              -2.63  (VIOLATED)
   rptr_empty/rptr_reg_3_/RSTB func_min                                -2.63  (VIOLATED)
   rptr_empty/rptr_reg_2_/RSTB func_min                                -2.63  (VIOLATED)
   sync_w2r/rq2_wptr_reg_0_/RSTB func_min                              -2.62  (VIOLATED)
   wptr_full/wbin_reg_3_/D  func_min                                   -2.62  (VIOLATED)
   wptr_full/wbin_reg_2_/D  func_min                                   -2.61  (VIOLATED)
   wptr_full/wptr_reg_1_/D  func_min                                   -2.61  (VIOLATED)
   wptr_full/wbin_reg_4_/D  func_min                                   -2.61  (VIOLATED)
   wptr_full/wptr_reg_3_/D  func_min                                   -2.58  (VIOLATED)
   wptr_full/wbin_reg_5_/D  func_min                                   -2.58  (VIOLATED)
   wptr_full/wptr_reg_2_/D  func_min                                   -2.58  (VIOLATED)
   wptr_full/wptr_reg_4_/D  func_min                                   -2.57  (VIOLATED)
   rptr_empty/rempty_reg/SETB func_min                                 -2.57  (VIOLATED)
   wptr_full/wbin_reg_6_/D  func_min                                   -2.55  (VIOLATED)
   wptr_full/wptr_reg_5_/D  func_min                                   -2.54  (VIOLATED)
   wptr_full/wfull_reg/D    func_min                                   -2.54  (VIOLATED)
   wptr_full/wbin_reg_7_/D  func_min                                   -2.51  (VIOLATED)
   wptr_full/wptr_reg_6_/D  func_min                                   -2.50  (VIOLATED)
   wptr_full/wbin_reg_8_/D  func_min                                   -2.48  (VIOLATED)
   wptr_full/wptr_reg_7_/D  func_min                                   -2.46  (VIOLATED)
   wptr_full/wbin_reg_9_/D  func_min                                   -2.44  (VIOLATED)
   wptr_full/wptr_reg_8_/D  func_min                                   -2.43  (VIOLATED)
   wptr_full/wbin_reg_10_/D func_min                                   -2.42  (VIOLATED)
   wptr_full/wptr_reg_9_/D  func_min                                   -2.41  (VIOLATED)


   max_capacitance

                                           Required       Actual
   Pin                      Scenario       Capacitance    Capacitance    Slack
   ---------------------------------------------------------------------------
   ropt_mt_inst_1747/Y      func_max         168.00        2592.36  -2424.36  (VIOLATED)
   U58/Y                    func_max         168.00        2591.64  -2423.64  (VIOLATED)
   U65/Y                    func_max         168.00        2589.74  -2421.74  (VIOLATED)
   U70/Y                    func_max         168.00        2589.22  -2421.22  (VIOLATED)
   U68/Y                    func_max         168.00        2588.82  -2420.82  (VIOLATED)
   U71/Y                    func_max         168.00        2588.75  -2420.75  (VIOLATED)
   U63/Y                    func_max         168.00        2588.55  -2420.55  (VIOLATED)
   U66/Y                    func_max         168.00        2588.26  -2420.26  (VIOLATED)
   U72/Y                    func_max         168.00        2588.09  -2420.09  (VIOLATED)
   U69/Y                    func_max         168.00        2588.01  -2420.01  (VIOLATED)
   U64/Y                    func_max         168.00        2587.81  -2419.81  (VIOLATED)
   U67/Y                    func_max         168.00        2587.58  -2419.58  (VIOLATED)
   fifomem/genblk1_1__U/O2[2] func_min        25.00          53.37    -28.37  (VIOLATED)
   fifomem/genblk1_1__U/O2[4] func_min        25.00          50.71    -25.71  (VIOLATED)
   fifomem/genblk1_1__U/O2[7] func_min        25.00          50.70    -25.70  (VIOLATED)
   fifomem/genblk1_1__U/O2[5] func_min        25.00          47.37    -22.37  (VIOLATED)
   fifomem/genblk1_1__U/O2[3] func_min        25.00          41.74    -16.74  (VIOLATED)
   fifomem/genblk1_0__U/O2[0] func_min        25.00          41.47    -16.47  (VIOLATED)
   fifomem/genblk1_0__U/O2[6] func_min        25.00          40.40    -15.40  (VIOLATED)
   fifomem/genblk1_1__U/O2[1] func_min        25.00          39.38    -14.38  (VIOLATED)
   fifomem/genblk1_6__U/O2[2] func_min        25.00          35.58    -10.58  (VIOLATED)
   fifomem/genblk1_7__U/O2[6] func_min        25.00          34.72     -9.72  (VIOLATED)
   fifomem/genblk1_7__U/O2[0] func_min        25.00          34.08     -9.08  (VIOLATED)
   fifomem/genblk1_6__U/O2[7] func_min        25.00          33.72     -8.72  (VIOLATED)
   fifomem/genblk1_7__U/O2[1] func_min        25.00          33.65     -8.65  (VIOLATED)
   fifomem/genblk1_6__U/O2[1] func_min        25.00          31.94     -6.94  (VIOLATED)
   fifomem/genblk1_6__U/O2[3] func_min        25.00          31.68     -6.68  (VIOLATED)
   fifomem/genblk1_6__U/O2[5] func_min        25.00          31.59     -6.59  (VIOLATED)
   fifomem/genblk1_6__U/O2[6] func_min        25.00          30.79     -5.79  (VIOLATED)
   fifomem/genblk1_7__U/O2[3] func_min        25.00          29.41     -4.41  (VIOLATED)
   fifomem/genblk1_7__U/O2[7] func_min        25.00          28.93     -3.93  (VIOLATED)
   fifomem/genblk1_6__U/O2[4] func_min        25.00          27.94     -2.94  (VIOLATED)
   fifomem/genblk1_7__U/O2[2] func_min        25.00          27.23     -2.23  (VIOLATED)
   fifomem/genblk1_7__U/O2[5] func_min        25.00          27.14     -2.14  (VIOLATED)
   fifomem/U37/Y            func_min          32.00          34.06     -2.06  (VIOLATED)
   HFSBUF_229_0/Y           func_min          64.00          66.05     -2.05  (VIOLATED)
   fifomem/U31/Y            func_min          32.00          33.77     -1.77  (VIOLATED)
   ZBUF_inst_127/Y          func_min          32.00          32.77     -0.77  (VIOLATED)
   ZBUF_inst_129/Y          func_min          32.00          32.63     -0.63  (VIOLATED)
   ZBUF_inst_128/Y          func_min          32.00          32.60     -0.60  (VIOLATED)
   fifomem/genblk1_6__U/O2[0] func_min        25.00          25.59     -0.59  (VIOLATED)
   ZBUF_inst_126/Y          func_min          32.00          32.56     -0.56  (VIOLATED)
   wptr_full/wbin_reg_6_/Q  func_min           8.00           8.54     -0.54  (VIOLATED)
   rptr_empty/rbin_reg_5_/Q func_min           8.00           8.43     -0.43  (VIOLATED)
   fifomem/U33/Y            func_min           8.00           8.26     -0.26  (VIOLATED)
   fifomem/U44/Y            func_min           8.00           8.17     -0.17  (VIOLATED)
   wptr_full/wbin_reg_9_/Q  func_min           8.00           8.02     -0.02  (VIOLATED)


   min_capacitance

                                           Required       Actual
   Pin                      Scenario       Capacitance    Capacitance    Slack
   ---------------------------------------------------------------------------
   fifomem/genblk1_0__U/O1[0] func_max         0.10           0.01     -0.09  (VIOLATED)
   fifomem/genblk1_0__U/O1[1] func_max         0.10           0.01     -0.09  (VIOLATED)
   fifomem/genblk1_0__U/O1[2] func_max         0.10           0.01     -0.09  (VIOLATED)
   fifomem/genblk1_0__U/O1[3] func_max         0.10           0.01     -0.09  (VIOLATED)
   fifomem/genblk1_0__U/O1[4] func_max         0.10           0.01     -0.09  (VIOLATED)
   fifomem/genblk1_0__U/O1[5] func_max         0.10           0.01     -0.09  (VIOLATED)
   fifomem/genblk1_0__U/O1[6] func_max         0.10           0.01     -0.09  (VIOLATED)
   fifomem/genblk1_0__U/O1[7] func_max         0.10           0.01     -0.09  (VIOLATED)
   fifomem/genblk1_1__U/O1[0] func_max         0.10           0.01     -0.09  (VIOLATED)
   fifomem/genblk1_1__U/O1[1] func_max         0.10           0.01     -0.09  (VIOLATED)
   fifomem/genblk1_1__U/O1[2] func_max         0.10           0.01     -0.09  (VIOLATED)
   fifomem/genblk1_1__U/O1[3] func_max         0.10           0.01     -0.09  (VIOLATED)
   fifomem/genblk1_1__U/O1[4] func_max         0.10           0.01     -0.09  (VIOLATED)
   fifomem/genblk1_1__U/O1[5] func_max         0.10           0.01     -0.09  (VIOLATED)
   fifomem/genblk1_1__U/O1[6] func_max         0.10           0.01     -0.09  (VIOLATED)
   fifomem/genblk1_1__U/O1[7] func_max         0.10           0.01     -0.09  (VIOLATED)
   fifomem/genblk1_2__U/O1[0] func_max         0.10           0.01     -0.09  (VIOLATED)
   fifomem/genblk1_2__U/O1[1] func_max         0.10           0.01     -0.09  (VIOLATED)
   fifomem/genblk1_2__U/O1[2] func_max         0.10           0.01     -0.09  (VIOLATED)
   fifomem/genblk1_2__U/O1[3] func_max         0.10           0.01     -0.09  (VIOLATED)
   fifomem/genblk1_2__U/O1[4] func_max         0.10           0.01     -0.09  (VIOLATED)
   fifomem/genblk1_2__U/O1[5] func_max         0.10           0.01     -0.09  (VIOLATED)
   fifomem/genblk1_2__U/O1[6] func_max         0.10           0.01     -0.09  (VIOLATED)
   fifomem/genblk1_2__U/O1[7] func_max         0.10           0.01     -0.09  (VIOLATED)
   fifomem/genblk1_3__U/O1[0] func_max         0.10           0.01     -0.09  (VIOLATED)
   fifomem/genblk1_3__U/O1[1] func_max         0.10           0.01     -0.09  (VIOLATED)
   fifomem/genblk1_3__U/O1[2] func_max         0.10           0.01     -0.09  (VIOLATED)
   fifomem/genblk1_3__U/O1[3] func_max         0.10           0.01     -0.09  (VIOLATED)
   fifomem/genblk1_3__U/O1[4] func_max         0.10           0.01     -0.09  (VIOLATED)
   fifomem/genblk1_3__U/O1[5] func_max         0.10           0.01     -0.09  (VIOLATED)
   fifomem/genblk1_3__U/O1[6] func_max         0.10           0.01     -0.09  (VIOLATED)
   fifomem/genblk1_3__U/O1[7] func_max         0.10           0.01     -0.09  (VIOLATED)
   fifomem/genblk1_4__U/O1[0] func_max         0.10           0.01     -0.09  (VIOLATED)
   fifomem/genblk1_4__U/O1[1] func_max         0.10           0.01     -0.09  (VIOLATED)
   fifomem/genblk1_4__U/O1[2] func_max         0.10           0.01     -0.09  (VIOLATED)
   fifomem/genblk1_4__U/O1[3] func_max         0.10           0.01     -0.09  (VIOLATED)
   fifomem/genblk1_4__U/O1[4] func_max         0.10           0.01     -0.09  (VIOLATED)
   fifomem/genblk1_4__U/O1[5] func_max         0.10           0.01     -0.09  (VIOLATED)
   fifomem/genblk1_4__U/O1[6] func_max         0.10           0.01     -0.09  (VIOLATED)
   fifomem/genblk1_4__U/O1[7] func_max         0.10           0.01     -0.09  (VIOLATED)
   fifomem/genblk1_5__U/O1[0] func_max         0.10           0.01     -0.09  (VIOLATED)
   fifomem/genblk1_5__U/O1[1] func_max         0.10           0.01     -0.09  (VIOLATED)
   fifomem/genblk1_5__U/O1[2] func_max         0.10           0.01     -0.09  (VIOLATED)
   fifomem/genblk1_5__U/O1[3] func_max         0.10           0.01     -0.09  (VIOLATED)
   fifomem/genblk1_5__U/O1[4] func_max         0.10           0.01     -0.09  (VIOLATED)
   fifomem/genblk1_5__U/O1[5] func_max         0.10           0.01     -0.09  (VIOLATED)
   fifomem/genblk1_5__U/O1[6] func_max         0.10           0.01     -0.09  (VIOLATED)
   fifomem/genblk1_5__U/O1[7] func_max         0.10           0.01     -0.09  (VIOLATED)
   fifomem/genblk1_6__U/O1[0] func_max         0.10           0.01     -0.09  (VIOLATED)
   fifomem/genblk1_6__U/O1[1] func_max         0.10           0.01     -0.09  (VIOLATED)
   fifomem/genblk1_6__U/O1[2] func_max         0.10           0.01     -0.09  (VIOLATED)
   fifomem/genblk1_6__U/O1[3] func_max         0.10           0.01     -0.09  (VIOLATED)
   fifomem/genblk1_6__U/O1[4] func_max         0.10           0.01     -0.09  (VIOLATED)
   fifomem/genblk1_6__U/O1[5] func_max         0.10           0.01     -0.09  (VIOLATED)
   fifomem/genblk1_6__U/O1[6] func_max         0.10           0.01     -0.09  (VIOLATED)
   fifomem/genblk1_6__U/O1[7] func_max         0.10           0.01     -0.09  (VIOLATED)
   fifomem/genblk1_7__U/O1[0] func_max         0.10           0.01     -0.09  (VIOLATED)
   fifomem/genblk1_7__U/O1[1] func_max         0.10           0.01     -0.09  (VIOLATED)
   fifomem/genblk1_7__U/O1[2] func_max         0.10           0.01     -0.09  (VIOLATED)
   fifomem/genblk1_7__U/O1[3] func_max         0.10           0.01     -0.09  (VIOLATED)
   fifomem/genblk1_7__U/O1[4] func_max         0.10           0.01     -0.09  (VIOLATED)
   fifomem/genblk1_7__U/O1[5] func_max         0.10           0.01     -0.09  (VIOLATED)
   fifomem/genblk1_7__U/O1[6] func_max         0.10           0.01     -0.09  (VIOLATED)
   fifomem/genblk1_7__U/O1[7] func_max         0.10           0.01     -0.09  (VIOLATED)


   max_transition

                                           Required       Actual
   Pin                      Scenario       Transition     Transition    Slack
   ---------------------------------------------------------------------------
   io_b_wclk2x/PADIO        func_max           3.20           7.55     -4.35  (VIOLATED)
   io_b_rclk/PADIO          func_max           3.20           6.20     -3.00  (VIOLATED)
   io_b_wclk/PADIO          func_max           3.20           6.17     -2.97  (VIOLATED)
   U72/Y                    func_max           0.43           0.51     -0.08  (VIOLATED)
   ropt_mt_inst_1747/Y      func_max           0.23           0.27     -0.05  (VIOLATED)


1
