Warning: Neither event file or switching activity data present for power estimation. The command will propagate switching activity values for power calculation.  (PWR-246)
Information: Running switching activity propagation with 4 threads!
Information: Running averaged power analysis... (PWR-601)
Information: Running power calculation with 4 threads. (PWR-602)
****************************************
Report : Averaged Power
Design : fifo1_sram
Version: O-2018.06
Date   : Thu Apr  9 11:46:42 2020
****************************************



  Attributes
  ----------
      i  -  Including register clock pin internal power
      u  -  User defined power group

                        Internal  Switching  Leakage    Total
Power Group             Power     Power      Power      Power   (     %)  Attrs
--------------------------------------------------------------------------------
clock_network           8.439e-05 2.490e-05 1.200e-05 1.213e-04 ( 3.64%)  i
register                -3.391e-07
                                  5.997e-07 1.706e-05 1.732e-05 ( 0.52%)  
combinational           5.624e-06 2.986e-04 1.232e-04 4.274e-04 (12.83%)  
sequential                 0.0000    0.0000    0.0000    0.0000 ( 0.00%)  
memory                  -1.253e-04
                                  1.004e-05    0.0000 -1.152e-04 (-3.46%) 
io_pad                  1.789e-03 5.342e-05 1.039e-03 2.881e-03 (86.47%)  
black_box                  0.0000    0.0000    0.0000    0.0000 ( 0.00%)  

  Net Switching Power  = 3.876e-04   (11.63%)
  Cell Internal Power  = 1.753e-03   (52.61%)
  Cell Leakage Power   = 1.191e-03   (35.76%)
                         ---------
Total Power            = 3.332e-03  (100.00%)

1
