
Start of Master/Slave Task Processing
-------------------------------------
Information: Checked out license 'PrimeTime' (PT-019)
Started    : Command execution in scenario 'func_min'
Started    : Command execution in scenario 'func_max'
Sourcing   : Scenario specific data files to setup scenario 'func_min'
Sourcing   : Scenario specific data files to setup scenario 'func_max'
Information: Checked out license 'PrimeTime-SI' (PT-019)
Information: Checked out license 'PrimeTime-SI' (PT-019)
Succeeded  : Command execution in scenario 'func_min'
Succeeded  : Command execution in scenario 'func_max'
-----------------------------------
End of Master/Slave Task Processing

****************************************
Report : constraint
	-all_violators
	-path slack_only
Design : multi_scenario design
Version: O-2018.06
Date   : Sun Apr  5 13:09:38 2020
****************************************

Scenarios: func_max func_min 


   max_delay/setup ('OUTPUTS' group)

   Endpoint                 Scenario                                   Slack
   ---------------------------------------------------------------------------
   rdata[3]                 func_max                                   -4.68  (VIOLATED)
   rdata[5]                 func_max                                   -3.79  (VIOLATED)
   rdata[6]                 func_max                                   -3.69  (VIOLATED)
   rdata[0]                 func_max                                   -3.41  (VIOLATED)
   rdata[1]                 func_max                                   -3.36  (VIOLATED)
   rdata[2]                 func_max                                   -3.32  (VIOLATED)
   rdata[4]                 func_max                                   -3.23  (VIOLATED)
   rdata[7]                 func_max                                   -3.15  (VIOLATED)
   rempty                   func_max                                   -1.38  (VIOLATED)

   max_delay/setup ('rclk' group)

   Endpoint                 Scenario                                   Slack
   ---------------------------------------------------------------------------
   rptr_empty/rempty_reg/D  func_max                                   -0.03  (VIOLATED)


   min_delay/hold ('INPUTS' group)

   Endpoint                 Scenario                                   Slack
   ---------------------------------------------------------------------------
   sync_w2r/rq1_wptr_reg_5_/RSTB func_min                              -0.02  (VIOLATED)
   sync_w2r/rq1_wptr_reg_4_/RSTB func_min                              -0.02  (VIOLATED)
   sync_w2r/rq1_wptr_reg_6_/RSTB func_min                              -0.02  (VIOLATED)
   rptr_empty/rptr_reg_5_/RSTB func_min                                -0.02  (VIOLATED)
   rptr_empty/rptr_reg_6_/RSTB func_min                                -0.02  (VIOLATED)
   sync_w2r/rq1_wptr_reg_9_/RSTB func_min                              -0.02  (VIOLATED)
   sync_w2r/rq1_wptr_reg_7_/RSTB func_min                              -0.02  (VIOLATED)
   rptr_empty/rptr_reg_9_/RSTB func_min                                -0.02  (VIOLATED)
   sync_w2r/rq1_wptr_reg_8_/RSTB func_min                              -0.02  (VIOLATED)
   rptr_empty/rptr_reg_7_/RSTB func_min                                -0.02  (VIOLATED)
   sync_w2r/rq1_wptr_reg_10_/RSTB func_min                             -0.02  (VIOLATED)
   rptr_empty/rptr_reg_8_/RSTB func_min                                -0.02  (VIOLATED)
   rptr_empty/rbin_reg_10_/RSTB func_min                               -0.02  (VIOLATED)
   rptr_empty/rbin_reg_9_/RSTB func_min                                -0.02  (VIOLATED)
   rptr_empty/rbin_reg_8_/RSTB func_min                                -0.02  (VIOLATED)
   wdata_reg_2_/D           func_min                                    0.00  (VIOLATED: increase significant digits)
   wdata_reg_1_/D           func_min                                    0.00  (VIOLATED: increase significant digits)
   wdata_reg_3_/D           func_min                                    0.00  (VIOLATED: increase significant digits)
   wdata_reg_0_/D           func_min                                    0.00  (VIOLATED: increase significant digits)

   min_delay/hold ('rclk' group)

   Endpoint                 Scenario                                   Slack
   ---------------------------------------------------------------------------
   fifomem/genblk1_3__U/A2[0] func_min                                 -0.01  (VIOLATED)
   fifomem/genblk1_6__U/A2[0] func_min                                  0.00  (VIOLATED: increase significant digits)
   fifomem/genblk1_2__U/A2[0] func_min                                  0.00  (VIOLATED: increase significant digits)


   max_capacitance

                                           Required       Actual
   Pin                      Scenario       Capacitance    Capacitance    Slack
   ---------------------------------------------------------------------------
   fifomem/genblk1_0__U/O2[7] func_min        25.00          46.75    -21.75  (VIOLATED)
   fifomem/genblk1_1__U/O2[3] func_min        25.00          46.02    -21.02  (VIOLATED)
   fifomem/genblk1_0__U/O2[0] func_min        25.00          44.72    -19.72  (VIOLATED)
   fifomem/genblk1_1__U/O2[4] func_min        25.00          42.29    -17.29  (VIOLATED)
   fifomem/genblk1_0__U/O2[5] func_min        25.00          41.27    -16.27  (VIOLATED)
   fifomem/genblk1_1__U/O2[1] func_min        25.00          41.10    -16.10  (VIOLATED)
   fifomem/genblk1_0__U/O2[2] func_min        25.00          40.93    -15.93  (VIOLATED)
   fifomem/genblk1_1__U/O2[6] func_min        25.00          40.61    -15.61  (VIOLATED)
   fifomem/genblk1_6__U/O2[6] func_min        25.00          36.33    -11.33  (VIOLATED)
   fifomem/genblk1_6__U/O2[3] func_min        25.00          34.75     -9.75  (VIOLATED)
   fifomem/genblk1_7__U/O2[0] func_min        25.00          32.67     -7.67  (VIOLATED)
   fifomem/genblk1_7__U/O2[5] func_min        25.00          31.45     -6.45  (VIOLATED)
   fifomem/genblk1_6__U/O2[0] func_min        25.00          31.24     -6.24  (VIOLATED)
   fifomem/genblk1_6__U/O2[2] func_min        25.00          31.14     -6.14  (VIOLATED)
   fifomem/genblk1_7__U/O2[1] func_min        25.00          30.75     -5.75  (VIOLATED)
   fifomem/genblk1_6__U/O2[7] func_min        25.00          30.71     -5.71  (VIOLATED)
   fifomem/genblk1_7__U/O2[6] func_min        25.00          30.63     -5.63  (VIOLATED)
   fifomem/genblk1_6__U/O2[1] func_min        25.00          29.60     -4.60  (VIOLATED)
   fifomem/genblk1_7__U/O2[2] func_min        25.00          28.23     -3.23  (VIOLATED)
   fifomem/genblk1_7__U/O2[3] func_min        25.00          27.46     -2.46  (VIOLATED)
   fifomem/genblk1_6__U/O2[4] func_min        25.00          26.58     -1.58  (VIOLATED)
   ZBUF_inst_82/Y           func_min          32.00          33.01     -1.01  (VIOLATED)
   fifomem/genblk1_6__U/O2[5] func_min        25.00          25.90     -0.90  (VIOLATED)
   ZBUF_inst_89/Y           func_min          32.00          32.57     -0.57  (VIOLATED)
   ZBUF_inst_90/Y           func_min          32.00          32.48     -0.48  (VIOLATED)
   ZBUF_inst_92/Y           func_min          32.00          32.32     -0.32  (VIOLATED)
   wptr_full/wbin_reg_7_/Q  func_min           8.00           8.09     -0.09  (VIOLATED)


   min_capacitance

                                           Required       Actual
   Pin                      Scenario       Capacitance    Capacitance    Slack
   ---------------------------------------------------------------------------
   fifomem/genblk1_0__U/O1[0] func_max         0.10           0.01     -0.09  (VIOLATED)
   fifomem/genblk1_0__U/O1[1] func_max         0.10           0.01     -0.09  (VIOLATED)
   fifomem/genblk1_0__U/O1[2] func_max         0.10           0.01     -0.09  (VIOLATED)
   fifomem/genblk1_0__U/O1[3] func_max         0.10           0.01     -0.09  (VIOLATED)
   fifomem/genblk1_0__U/O1[4] func_max         0.10           0.01     -0.09  (VIOLATED)
   fifomem/genblk1_0__U/O1[5] func_max         0.10           0.01     -0.09  (VIOLATED)
   fifomem/genblk1_0__U/O1[6] func_max         0.10           0.01     -0.09  (VIOLATED)
   fifomem/genblk1_0__U/O1[7] func_max         0.10           0.01     -0.09  (VIOLATED)
   fifomem/genblk1_1__U/O1[0] func_max         0.10           0.01     -0.09  (VIOLATED)
   fifomem/genblk1_1__U/O1[1] func_max         0.10           0.01     -0.09  (VIOLATED)
   fifomem/genblk1_1__U/O1[2] func_max         0.10           0.01     -0.09  (VIOLATED)
   fifomem/genblk1_1__U/O1[3] func_max         0.10           0.01     -0.09  (VIOLATED)
   fifomem/genblk1_1__U/O1[4] func_max         0.10           0.01     -0.09  (VIOLATED)
   fifomem/genblk1_1__U/O1[5] func_max         0.10           0.01     -0.09  (VIOLATED)
   fifomem/genblk1_1__U/O1[6] func_max         0.10           0.01     -0.09  (VIOLATED)
   fifomem/genblk1_1__U/O1[7] func_max         0.10           0.01     -0.09  (VIOLATED)
   fifomem/genblk1_2__U/O1[0] func_max         0.10           0.01     -0.09  (VIOLATED)
   fifomem/genblk1_2__U/O1[1] func_max         0.10           0.01     -0.09  (VIOLATED)
   fifomem/genblk1_2__U/O1[2] func_max         0.10           0.01     -0.09  (VIOLATED)
   fifomem/genblk1_2__U/O1[3] func_max         0.10           0.01     -0.09  (VIOLATED)
   fifomem/genblk1_2__U/O1[4] func_max         0.10           0.01     -0.09  (VIOLATED)
   fifomem/genblk1_2__U/O1[5] func_max         0.10           0.01     -0.09  (VIOLATED)
   fifomem/genblk1_2__U/O1[6] func_max         0.10           0.01     -0.09  (VIOLATED)
   fifomem/genblk1_2__U/O1[7] func_max         0.10           0.01     -0.09  (VIOLATED)
   fifomem/genblk1_3__U/O1[0] func_max         0.10           0.01     -0.09  (VIOLATED)
   fifomem/genblk1_3__U/O1[1] func_max         0.10           0.01     -0.09  (VIOLATED)
   fifomem/genblk1_3__U/O1[2] func_max         0.10           0.01     -0.09  (VIOLATED)
   fifomem/genblk1_3__U/O1[3] func_max         0.10           0.01     -0.09  (VIOLATED)
   fifomem/genblk1_3__U/O1[4] func_max         0.10           0.01     -0.09  (VIOLATED)
   fifomem/genblk1_3__U/O1[5] func_max         0.10           0.01     -0.09  (VIOLATED)
   fifomem/genblk1_3__U/O1[6] func_max         0.10           0.01     -0.09  (VIOLATED)
   fifomem/genblk1_3__U/O1[7] func_max         0.10           0.01     -0.09  (VIOLATED)
   fifomem/genblk1_4__U/O1[0] func_max         0.10           0.01     -0.09  (VIOLATED)
   fifomem/genblk1_4__U/O1[1] func_max         0.10           0.01     -0.09  (VIOLATED)
   fifomem/genblk1_4__U/O1[2] func_max         0.10           0.01     -0.09  (VIOLATED)
   fifomem/genblk1_4__U/O1[3] func_max         0.10           0.01     -0.09  (VIOLATED)
   fifomem/genblk1_4__U/O1[4] func_max         0.10           0.01     -0.09  (VIOLATED)
   fifomem/genblk1_4__U/O1[5] func_max         0.10           0.01     -0.09  (VIOLATED)
   fifomem/genblk1_4__U/O1[6] func_max         0.10           0.01     -0.09  (VIOLATED)
   fifomem/genblk1_4__U/O1[7] func_max         0.10           0.01     -0.09  (VIOLATED)
   fifomem/genblk1_5__U/O1[0] func_max         0.10           0.01     -0.09  (VIOLATED)
   fifomem/genblk1_5__U/O1[1] func_max         0.10           0.01     -0.09  (VIOLATED)
   fifomem/genblk1_5__U/O1[2] func_max         0.10           0.01     -0.09  (VIOLATED)
   fifomem/genblk1_5__U/O1[3] func_max         0.10           0.01     -0.09  (VIOLATED)
   fifomem/genblk1_5__U/O1[4] func_max         0.10           0.01     -0.09  (VIOLATED)
   fifomem/genblk1_5__U/O1[5] func_max         0.10           0.01     -0.09  (VIOLATED)
   fifomem/genblk1_5__U/O1[6] func_max         0.10           0.01     -0.09  (VIOLATED)
   fifomem/genblk1_5__U/O1[7] func_max         0.10           0.01     -0.09  (VIOLATED)
   fifomem/genblk1_6__U/O1[0] func_max         0.10           0.01     -0.09  (VIOLATED)
   fifomem/genblk1_6__U/O1[1] func_max         0.10           0.01     -0.09  (VIOLATED)
   fifomem/genblk1_6__U/O1[2] func_max         0.10           0.01     -0.09  (VIOLATED)
   fifomem/genblk1_6__U/O1[3] func_max         0.10           0.01     -0.09  (VIOLATED)
   fifomem/genblk1_6__U/O1[4] func_max         0.10           0.01     -0.09  (VIOLATED)
   fifomem/genblk1_6__U/O1[5] func_max         0.10           0.01     -0.09  (VIOLATED)
   fifomem/genblk1_6__U/O1[6] func_max         0.10           0.01     -0.09  (VIOLATED)
   fifomem/genblk1_6__U/O1[7] func_max         0.10           0.01     -0.09  (VIOLATED)
   fifomem/genblk1_7__U/O1[0] func_max         0.10           0.01     -0.09  (VIOLATED)
   fifomem/genblk1_7__U/O1[1] func_max         0.10           0.01     -0.09  (VIOLATED)
   fifomem/genblk1_7__U/O1[2] func_max         0.10           0.01     -0.09  (VIOLATED)
   fifomem/genblk1_7__U/O1[3] func_max         0.10           0.01     -0.09  (VIOLATED)
   fifomem/genblk1_7__U/O1[4] func_max         0.10           0.01     -0.09  (VIOLATED)
   fifomem/genblk1_7__U/O1[5] func_max         0.10           0.01     -0.09  (VIOLATED)
   fifomem/genblk1_7__U/O1[6] func_max         0.10           0.01     -0.09  (VIOLATED)
   fifomem/genblk1_7__U/O1[7] func_max         0.10           0.01     -0.09  (VIOLATED)


   max_transition

                                           Required       Actual
   Pin                      Scenario       Transition     Transition    Slack
   ---------------------------------------------------------------------------
   io_b_rclk/PADIO          func_max           3.20           3.57     -0.37  (VIOLATED)
   io_b_rinc/PADIO          func_max           3.20           3.57     -0.37  (VIOLATED)
   io_b_rrst_n/PADIO        func_max           3.20           3.57     -0.37  (VIOLATED)
   io_b_wclk2x/PADIO        func_max           3.20           3.57     -0.37  (VIOLATED)
   io_b_wclk/PADIO          func_max           3.20           3.57     -0.37  (VIOLATED)
   io_b_winc/PADIO          func_max           3.20           3.57     -0.37  (VIOLATED)
   io_b_wrst_n/PADIO        func_max           3.20           3.57     -0.37  (VIOLATED)
   io_r_wdata_in_0_/PADIO   func_max           3.20           3.57     -0.37  (VIOLATED)
   io_r_wdata_in_1_/PADIO   func_max           3.20           3.57     -0.37  (VIOLATED)
   io_r_wdata_in_2_/PADIO   func_max           3.20           3.57     -0.37  (VIOLATED)
   io_r_wdata_in_3_/PADIO   func_max           3.20           3.57     -0.37  (VIOLATED)
   io_r_wdata_in_4_/PADIO   func_max           3.20           3.57     -0.37  (VIOLATED)
   io_r_wdata_in_5_/PADIO   func_max           3.20           3.57     -0.37  (VIOLATED)
   io_r_wdata_in_6_/PADIO   func_max           3.20           3.57     -0.37  (VIOLATED)
   io_r_wdata_in_7_/PADIO   func_max           3.20           3.57     -0.37  (VIOLATED)


1
